../Core/Src/main.c:116:18:Blink	16	static
../Core/Src/main.c:121:18:TurnOn	8	static
../Core/Src/main.c:125:18:TurnOff	8	static
../Core/Src/main.c:72:6:go2app	24	static,ignoring_inline_asm
../Core/Src/main.c:98:5:_write	32	static
../Core/Src/main.c:135:47:TurnOnLED	16	static
../Core/Src/main.c:153:5:main	8	static
../Core/Src/main.c:209:6:SystemClock_Config	96	static
../Core/Src/main.c:250:13:MX_USART2_UART_Init	8	static
../Core/Src/main.c:298:13:MX_GPIO_Init	48	static
../Core/Src/main.c:331:6:Error_Handler	8	static,ignoring_inline_asm
