../Drivers/CMSIS/Include/core_cm0plus.h:741:22:__NVIC_EnableIRQ	2
../Drivers/CMSIS/Include/core_cm0plus.h:850:22:__NVIC_SetPriority	2
../Drivers/STM32G0xx_HAL_Driver/Inc/stm32g0xx_ll_bus.h:467:22:LL_APB1_GRP1_EnableClock	1
../Drivers/STM32G0xx_HAL_Driver/Inc/stm32g0xx_ll_bus.h:1135:22:LL_IOP_GRP1_EnableClock	1
../Core/Src/main.c:69:5:main	1
../Core/Src/main.c:121:6:SystemClock_Config	3
../Core/Src/main.c:169:13:MX_UCPD2_Init	1
../Core/Src/main.c:214:13:MX_USART2_UART_Init	5
../Core/Src/main.c:262:13:MX_GPIO_Init	1
../Core/Src/main.c:296:6:Error_Handler	1
