Archive member included to satisfy reference by file (symbol)

/opt/st/stm32cubeide_1.13.1/plugins/com.st.stm32cube.ide.mcu.externaltools.gnu-tools-for-stm32.11.3.rel1.linux64_1.1.0.202305231506/tools/bin/../lib/gcc/arm-none-eabi/11.3.1/../../../../arm-none-eabi/lib/thumb/v6-m/nofp/libc_nano.a(libc_a-exit.o)
                              /opt/st/stm32cubeide_1.13.1/plugins/com.st.stm32cube.ide.mcu.externaltools.gnu-tools-for-stm32.11.3.rel1.linux64_1.1.0.202305231506/tools/bin/../lib/gcc/arm-none-eabi/11.3.1/../../../../arm-none-eabi/lib/thumb/v6-m/nofp/crt0.o (exit)
/opt/st/stm32cubeide_1.13.1/plugins/com.st.stm32cube.ide.mcu.externaltools.gnu-tools-for-stm32.11.3.rel1.linux64_1.1.0.202305231506/tools/bin/../lib/gcc/arm-none-eabi/11.3.1/../../../../arm-none-eabi/lib/thumb/v6-m/nofp/libc_nano.a(libc_a-findfp.o)
                              /opt/st/stm32cubeide_1.13.1/plugins/com.st.stm32cube.ide.mcu.externaltools.gnu-tools-for-stm32.11.3.rel1.linux64_1.1.0.202305231506/tools/bin/../lib/gcc/arm-none-eabi/11.3.1/../../../../arm-none-eabi/lib/thumb/v6-m/nofp/libc_nano.a(libc_a-exit.o) (__stdio_exit_handler)
/opt/st/stm32cubeide_1.13.1/plugins/com.st.stm32cube.ide.mcu.externaltools.gnu-tools-for-stm32.11.3.rel1.linux64_1.1.0.202305231506/tools/bin/../lib/gcc/arm-none-eabi/11.3.1/../../../../arm-none-eabi/lib/thumb/v6-m/nofp/libc_nano.a(libc_a-fwalk.o)
                              /opt/st/stm32cubeide_1.13.1/plugins/com.st.stm32cube.ide.mcu.externaltools.gnu-tools-for-stm32.11.3.rel1.linux64_1.1.0.202305231506/tools/bin/../lib/gcc/arm-none-eabi/11.3.1/../../../../arm-none-eabi/lib/thumb/v6-m/nofp/libc_nano.a(libc_a-findfp.o) (_fwalk_sglue)
/opt/st/stm32cubeide_1.13.1/plugins/com.st.stm32cube.ide.mcu.externaltools.gnu-tools-for-stm32.11.3.rel1.linux64_1.1.0.202305231506/tools/bin/../lib/gcc/arm-none-eabi/11.3.1/../../../../arm-none-eabi/lib/thumb/v6-m/nofp/libc_nano.a(libc_a-stdio.o)
                              /opt/st/stm32cubeide_1.13.1/plugins/com.st.stm32cube.ide.mcu.externaltools.gnu-tools-for-stm32.11.3.rel1.linux64_1.1.0.202305231506/tools/bin/../lib/gcc/arm-none-eabi/11.3.1/../../../../arm-none-eabi/lib/thumb/v6-m/nofp/libc_nano.a(libc_a-findfp.o) (__sread)
/opt/st/stm32cubeide_1.13.1/plugins/com.st.stm32cube.ide.mcu.externaltools.gnu-tools-for-stm32.11.3.rel1.linux64_1.1.0.202305231506/tools/bin/../lib/gcc/arm-none-eabi/11.3.1/../../../../arm-none-eabi/lib/thumb/v6-m/nofp/libc_nano.a(libc_a-memset.o)
                              /opt/st/stm32cubeide_1.13.1/plugins/com.st.stm32cube.ide.mcu.externaltools.gnu-tools-for-stm32.11.3.rel1.linux64_1.1.0.202305231506/tools/bin/../lib/gcc/arm-none-eabi/11.3.1/../../../../arm-none-eabi/lib/thumb/v6-m/nofp/crt0.o (memset)
/opt/st/stm32cubeide_1.13.1/plugins/com.st.stm32cube.ide.mcu.externaltools.gnu-tools-for-stm32.11.3.rel1.linux64_1.1.0.202305231506/tools/bin/../lib/gcc/arm-none-eabi/11.3.1/../../../../arm-none-eabi/lib/thumb/v6-m/nofp/libc_nano.a(libc_a-closer.o)
                              /opt/st/stm32cubeide_1.13.1/plugins/com.st.stm32cube.ide.mcu.externaltools.gnu-tools-for-stm32.11.3.rel1.linux64_1.1.0.202305231506/tools/bin/../lib/gcc/arm-none-eabi/11.3.1/../../../../arm-none-eabi/lib/thumb/v6-m/nofp/libc_nano.a(libc_a-stdio.o) (_close_r)
/opt/st/stm32cubeide_1.13.1/plugins/com.st.stm32cube.ide.mcu.externaltools.gnu-tools-for-stm32.11.3.rel1.linux64_1.1.0.202305231506/tools/bin/../lib/gcc/arm-none-eabi/11.3.1/../../../../arm-none-eabi/lib/thumb/v6-m/nofp/libc_nano.a(libc_a-reent.o)
                              /opt/st/stm32cubeide_1.13.1/plugins/com.st.stm32cube.ide.mcu.externaltools.gnu-tools-for-stm32.11.3.rel1.linux64_1.1.0.202305231506/tools/bin/../lib/gcc/arm-none-eabi/11.3.1/../../../../arm-none-eabi/lib/thumb/v6-m/nofp/libc_nano.a(libc_a-closer.o) (errno)
/opt/st/stm32cubeide_1.13.1/plugins/com.st.stm32cube.ide.mcu.externaltools.gnu-tools-for-stm32.11.3.rel1.linux64_1.1.0.202305231506/tools/bin/../lib/gcc/arm-none-eabi/11.3.1/../../../../arm-none-eabi/lib/thumb/v6-m/nofp/libc_nano.a(libc_a-impure.o)
                              /opt/st/stm32cubeide_1.13.1/plugins/com.st.stm32cube.ide.mcu.externaltools.gnu-tools-for-stm32.11.3.rel1.linux64_1.1.0.202305231506/tools/bin/../lib/gcc/arm-none-eabi/11.3.1/../../../../arm-none-eabi/lib/thumb/v6-m/nofp/libc_nano.a(libc_a-reent.o) (_impure_ptr)
/opt/st/stm32cubeide_1.13.1/plugins/com.st.stm32cube.ide.mcu.externaltools.gnu-tools-for-stm32.11.3.rel1.linux64_1.1.0.202305231506/tools/bin/../lib/gcc/arm-none-eabi/11.3.1/../../../../arm-none-eabi/lib/thumb/v6-m/nofp/libc_nano.a(libc_a-lseekr.o)
                              /opt/st/stm32cubeide_1.13.1/plugins/com.st.stm32cube.ide.mcu.externaltools.gnu-tools-for-stm32.11.3.rel1.linux64_1.1.0.202305231506/tools/bin/../lib/gcc/arm-none-eabi/11.3.1/../../../../arm-none-eabi/lib/thumb/v6-m/nofp/libc_nano.a(libc_a-stdio.o) (_lseek_r)
[...]
Memory Configuration

Name             Origin             Length             Attributes
RAM              0x0000000020000000 0x0000000000024000 xrw
FLASH            0x0000000008000000 0x0000000000080000 xr
*default*        0x0000000000000000 0xffffffffffffffff

Linker script and memory map

LOAD /opt/st/stm32cubeide_1.13.1/plugins/com.st.stm32cube.ide.mcu.externaltools.gnu-tools-for-stm32.11.3.rel1.linux64_1.1.0.202305231506/tools/bin/../lib/gcc/arm-none-eabi/11.3.1/thumb/v6-m/nofp/crti.o
LOAD /opt/st/stm32cubeide_1.13.1/plugins/com.st.stm32cube.ide.mcu.externaltools.gnu-tools-for-stm32.11.3.rel1.linux64_1.1.0.202305231506/tools/bin/../lib/gcc/arm-none-eabi/11.3.1/thumb/v6-m/nofp/crtbegin.o
LOAD /opt/st/stm32cubeide_1.13.1/plugins/com.st.stm32cube.ide.mcu.externaltools.gnu-tools-for-stm32.11.3.rel1.linux64_1.1.0.202305231506/tools/bin/../lib/gcc/arm-none-eabi/11.3.1/../../../../arm-none-eabi/lib/thumb/v6-m/nofp/crt0.o
LOAD ./Core/Src/main.o
LOAD ./Core/Src/stm32g0xx_hal_msp.o
LOAD ./Core/Src/stm32g0xx_it.o
LOAD ./Core/Src/syscalls.o
LOAD ./Core/Src/sysmem.o
LOAD ./Core/Src/system_stm32g0xx.o
LOAD ./Core/Startup/startup_stm32g0b1retx.o
LOAD ./Drivers/STM32G0xx_HAL_Driver/Src/stm32g0xx_hal.o
LOAD ./Drivers/STM32G0xx_HAL_Driver/Src/stm32g0xx_hal_cortex.o
LOAD ./Drivers/STM32G0xx_HAL_Driver/Src/stm32g0xx_hal_dma.o
LOAD ./Drivers/STM32G0xx_HAL_Driver/Src/stm32g0xx_hal_dma_ex.o
LOAD ./Drivers/STM32G0xx_HAL_Driver/Src/stm32g0xx_hal_exti.o
LOAD ./Drivers/STM32G0xx_HAL_Driver/Src/stm32g0xx_hal_flash.o
LOAD ./Drivers/STM32G0xx_HAL_Driver/Src/stm32g0xx_hal_flash_ex.o
LOAD ./Drivers/STM32G0xx_HAL_Driver/Src/stm32g0xx_hal_gpio.o
LOAD ./Drivers/STM32G0xx_HAL_Driver/Src/stm32g0xx_hal_pcd.o
LOAD ./Drivers/STM32G0xx_HAL_Driver/Src/stm32g0xx_hal_pcd_ex.o
LOAD ./Drivers/STM32G0xx_HAL_Driver/Src/stm32g0xx_hal_pwr.o
LOAD ./Drivers/STM32G0xx_HAL_Driver/Src/stm32g0xx_hal_pwr_ex.o
LOAD ./Drivers/STM32G0xx_HAL_Driver/Src/stm32g0xx_hal_rcc.o
LOAD ./Drivers/STM32G0xx_HAL_Driver/Src/stm32g0xx_hal_rcc_ex.o
LOAD ./Drivers/STM32G0xx_HAL_Driver/Src/stm32g0xx_hal_tim.o
LOAD ./Drivers/STM32G0xx_HAL_Driver/Src/stm32g0xx_hal_tim_ex.o
LOAD ./Drivers/STM32G0xx_HAL_Driver/Src/stm32g0xx_hal_uart.o
LOAD ./Drivers/STM32G0xx_HAL_Driver/Src/stm32g0xx_hal_uart_ex.o
LOAD ./Drivers/STM32G0xx_HAL_Driver/Src/stm32g0xx_ll_crs.o
LOAD ./Drivers/STM32G0xx_HAL_Driver/Src/stm32g0xx_ll_dma.o
LOAD ./Drivers/STM32G0xx_HAL_Driver/Src/stm32g0xx_ll_exti.o
LOAD ./Drivers/STM32G0xx_HAL_Driver/Src/stm32g0xx_ll_gpio.o
LOAD ./Drivers/STM32G0xx_HAL_Driver/Src/stm32g0xx_ll_rcc.o
LOAD ./Drivers/STM32G0xx_HAL_Driver/Src/stm32g0xx_ll_ucpd.o
LOAD ./Drivers/STM32G0xx_HAL_Driver/Src/stm32g0xx_ll_usb.o
LOAD ./Drivers/STM32G0xx_HAL_Driver/Src/stm32g0xx_ll_utils.o
LOAD ./Middlewares/ST/STM32_USB_Device_Library/Class/CDC/Src/usbd_cdc.o
LOAD ./Middlewares/ST/STM32_USB_Device_Library/Core/Src/usbd_core.o
LOAD ./Middlewares/ST/STM32_USB_Device_Library/Core/Src/usbd_ctlreq.o
LOAD ./Middlewares/ST/STM32_USB_Device_Library/Core/Src/usbd_ioreq.o
LOAD ./USB_Device/App/usb_device.o
LOAD ./USB_Device/App/usbd_cdc_if.o
LOAD ./USB_Device/App/usbd_desc.o
LOAD ./USB_Device/Target/usbd_conf.o
START GROUP
LOAD /opt/st/stm32cubeide_1.13.1/plugins/com.st.stm32cube.ide.mcu.externaltools.gnu-tools-for-stm32.11.3.rel1.linux64_1.1.0.202305231506/tools/bin/../lib/gcc/arm-none-eabi/11.3.1/../../../../arm-none-eabi/lib/thumb/v6-m/nofp/libc_nano.a
LOAD /opt/st/stm32cubeide_1.13.1/plugins/com.st.stm32cube.ide.mcu.externaltools.gnu-tools-for-stm32.11.3.rel1.linux64_1.1.0.202305231506/tools/bin/../lib/gcc/arm-none-eabi/11.3.1/../../../../arm-none-eabi/lib/thumb/v6-m/nofp/libm.a
END GROUP
START GROUP
LOAD /opt/st/stm32cubeide_1.13.1/plugins/com.st.stm32cube.ide.mcu.externaltools.gnu-tools-for-stm32.11.3.rel1.linux64_1.1.0.202305231506/tools/bin/../lib/gcc/arm-none-eabi/11.3.1/thumb/v6-m/nofp/libgcc.a
LOAD /opt/st/stm32cubeide_1.13.1/plugins/com.st.stm32cube.ide.mcu.externaltools.gnu-tools-for-stm32.11.3.rel1.linux64_1.1.0.202305231506/tools/bin/../lib/gcc/arm-none-eabi/11.3.1/../../../../arm-none-eabi/lib/thumb/v6-m/nofp/libc_nano.a
END GROUP
START GROUP
LOAD /opt/st/stm32cubeide_1.13.1/plugins/com.st.stm32cube.ide.mcu.externaltools.gnu-tools-for-stm32.11.3.rel1.linux64_1.1.0.202305231506/tools/bin/../lib/gcc/arm-none-eabi/11.3.1/thumb/v6-m/nofp/libgcc.a
LOAD /opt/st/stm32cubeide_1.13.1/plugins/com.st.stm32cube.ide.mcu.externaltools.gnu-tools-for-stm32.11.3.rel1.linux64_1.1.0.202305231506/tools/bin/../lib/gcc/arm-none-eabi/11.3.1/../../../../arm-none-eabi/lib/thumb/v6-m/nofp/libc_nano.a
LOAD /opt/st/stm32cubeide_1.13.1/plugins/com.st.stm32cube.ide.mcu.externaltools.gnu-tools-for-stm32.11.3.rel1.linux64_1.1.0.202305231506/tools/bin/../lib/gcc/arm-none-eabi/11.3.1/../../../../arm-none-eabi/lib/thumb/v6-m/nofp/libnosys.a
END GROUP
START GROUP
LOAD /opt/st/stm32cubeide_1.13.1/plugins/com.st.stm32cube.ide.mcu.externaltools.gnu-tools-for-stm32.11.3.rel1.linux64_1.1.0.202305231506/tools/bin/../lib/gcc/arm-none-eabi/11.3.1/thumb/v6-m/nofp/libgcc.a
LOAD /opt/st/stm32cubeide_1.13.1/plugins/com.st.stm32cube.ide.mcu.externaltools.gnu-tools-for-stm32.11.3.rel1.linux64_1.1.0.202305231506/tools/bin/../lib/gcc/arm-none-eabi/11.3.1/../../../../arm-none-eabi/lib/thumb/v6-m/nofp/libc_nano.a
LOAD /opt/st/stm32cubeide_1.13.1/plugins/com.st.stm32cube.ide.mcu.externaltools.gnu-tools-for-stm32.11.3.rel1.linux64_1.1.0.202305231506/tools/bin/../lib/gcc/arm-none-eabi/11.3.1/../../../../arm-none-eabi/lib/thumb/v6-m/nofp/libnosys.a
END GROUP
LOAD /opt/st/stm32cubeide_1.13.1/plugins/com.st.stm32cube.ide.mcu.externaltools.gnu-tools-for-stm32.11.3.rel1.linux64_1.1.0.202305231506/tools/bin/../lib/gcc/arm-none-eabi/11.3.1/thumb/v6-m/nofp/crtend.o
LOAD /opt/st/stm32cubeide_1.13.1/plugins/com.st.stm32cube.ide.mcu.externaltools.gnu-tools-for-stm32.11.3.rel1.linux64_1.1.0.202305231506/tools/bin/../lib/gcc/arm-none-eabi/11.3.1/thumb/v6-m/nofp/crtn.o
                0x0000000020024000                _estack = (ORIGIN (RAM) + LENGTH (RAM))
                0x0000000000000200                _Min_Heap_Size = 0x200
                0x0000000000000400                _Min_Stack_Size = 0x400

.isr_vector     0x0000000008000000       0xbc
                0x0000000008000000                . = ALIGN (0x4)
 *(.isr_vector)
 .isr_vector    0x0000000008000000       0xbc ./Core/Startup/startup_stm32g0b1retx.o
                0x0000000008000000                g_pfnVectors
                0x00000000080000bc                . = ALIGN (0x4)

.text           0x00000000080000bc     0x9c98
                0x00000000080000bc                . = ALIGN (0x4)
 *(.text)
 .text          0x00000000080000bc       0x48 /opt/st/stm32cubeide_1.13.1/plugins/com.st.stm32cube.ide.mcu.externaltools.gnu-tools-for-stm32.11.3.rel1.linux64_1.1.0.202305231506/tools/bin/../lib/gcc/arm-none-eabi/11.3.1/thumb/v6-m/nofp/crtbegin.o
 .text          0x0000000008000104      0x114 /opt/st/stm32cubeide_1.13.1/plugins/com.st.stm32cube.ide.mcu.externaltools.gnu-tools-for-stm32.11.3.rel1.linux64_1.1.0.202305231506/tools/bin/../lib/gcc/arm-none-eabi/11.3.1/thumb/v6-m/nofp/libgcc.a(_udivsi3.o)
                0x0000000008000104                __udivsi3
                0x0000000008000104                __aeabi_uidiv
                0x0000000008000210                __aeabi_uidivmod
 .text          0x0000000008000218      0x1d4 /opt/st/stm32cubeide_1.13.1/plugins/com.st.stm32cube.ide.mcu.externaltools.gnu-tools-for-stm32.11.3.rel1.linux64_1.1.0.202305231506/tools/bin/../lib/gcc/arm-none-eabi/11.3.1/thumb/v6-m/nofp/libgcc.a(_divsi3.o)
                0x0000000008000218                __aeabi_idiv
                0x0000000008000218                __divsi3
                0x00000000080003e4                __aeabi_idivmod
 .text          0x00000000080003ec        0x4 /opt/st/stm32cubeide_1.13.1/plugins/com.st.stm32cube.ide.mcu.externaltools.gnu-tools-for-stm32.11.3.rel1.linux64_1.1.0.202305231506/tools/bin/../lib/gcc/arm-none-eabi/11.3.1/thumb/v6-m/nofp/libgcc.a(_dvmd_tls.o)
                0x00000000080003ec                __aeabi_ldiv0
                0x00000000080003ec                __aeabi_idiv0
 .text          0x00000000080003f0       0x40 /opt/st/stm32cubeide_1.13.1/plugins/com.st.stm32cube.ide.mcu.externaltools.gnu-tools-for-stm32.11.3.rel1.linux64_1.1.0.202305231506/tools/bin/../lib/gcc/arm-none-eabi/11.3.1/thumb/v6-m/nofp/libgcc.a(_aeabi_uldivmod.o)
                0x00000000080003f0                __aeabi_uldivmod
 .text          0x0000000008000430      0x198 /opt/st/stm32cubeide_1.13.1/plugins/com.st.stm32cube.ide.mcu.externaltools.gnu-tools-for-stm32.11.3.rel1.linux64_1.1.0.202305231506/tools/bin/../lib/gcc/arm-none-eabi/11.3.1/thumb/v6-m/nofp/libgcc.a(_udivmoddi4.o)
                0x0000000008000430                __udivmoddi4
 .text          0x00000000080005c8       0x18 /opt/st/stm32cubeide_1.13.1/plugins/com.st.stm32cube.ide.mcu.externaltools.gnu-tools-for-stm32.11.3.rel1.linux64_1.1.0.202305231506/tools/bin/../lib/gcc/arm-none-eabi/11.3.1/thumb/v6-m/nofp/libgcc.a(_clzdi2.o)
                0x00000000080005c8                __clzdi2
 .text          0x00000000080005e0       0x3c /opt/st/stm32cubeide_1.13.1/plugins/com.st.stm32cube.ide.mcu.externaltools.gnu-tools-for-stm32.11.3.rel1.linux64_1.1.0.202305231506/tools/bin/../lib/gcc/arm-none-eabi/11.3.1/thumb/v6-m/nofp/libgcc.a(_clzsi2.o)
                0x00000000080005e0                __clzsi2
 *(.text*)
 .text.__NVIC_EnableIRQ
                0x000000000800061c       0x34 ./Core/Src/main.o
 .text.__NVIC_SetPriority
                0x0000000008000650       0xdc ./Core/Src/main.o
 .text.LL_APB1_GRP1_EnableClock
                0x000000000800072c       0x2c ./Core/Src/main.o
 .text.LL_IOP_GRP1_EnableClock
                0x0000000008000758       0x2c ./Core/Src/main.o
 .text.main     0x0000000008000784       0x40 ./Core/Src/main.o
                0x0000000008000784                main
 .text.SystemClock_Config
                0x00000000080007c4       0xc4 ./Core/Src/main.o
                0x00000000080007c4                SystemClock_Config
 .text.MX_UCPD2_Init
                0x0000000008000888       0x7c ./Core/Src/main.o
 .text.MX_USART2_UART_Init
                0x0000000008000904       0x9c ./Core/Src/main.o
 .text.MX_GPIO_Init
                0x00000000080009a0       0xb8 ./Core/Src/main.o
 .text.Error_Handler
                0x0000000008000a58        0xa ./Core/Src/main.o
                0x0000000008000a58                Error_Handler
 *fill*         0x0000000008000a62        0x2 
 .text.HAL_MspInit
                0x0000000008000a64       0x48 ./Core/Src/stm32g0xx_hal_msp.o
                0x0000000008000a64                HAL_MspInit
 .text.HAL_UART_MspInit
                0x0000000008000aac       0xc0 ./Core/Src/stm32g0xx_hal_msp.o
                0x0000000008000aac                HAL_UART_MspInit
 .text.NMI_Handler
                0x0000000008000b6c        0x6 ./Core/Src/stm32g0xx_it.o
                0x0000000008000b6c                NMI_Handler
 .text.HardFault_Handler
                0x0000000008000b72        0x6 ./Core/Src/stm32g0xx_it.o
                0x0000000008000b72                HardFault_Handler
 .text.SVC_Handler
                0x0000000008000b78        0xa ./Core/Src/stm32g0xx_it.o
                0x0000000008000b78                SVC_Handler
 .text.PendSV_Handler
                0x0000000008000b82        0xa ./Core/Src/stm32g0xx_it.o
                0x0000000008000b82                PendSV_Handler
 .text.SysTick_Handler
                0x0000000008000b8c        0xe ./Core/Src/stm32g0xx_it.o
                0x0000000008000b8c                SysTick_Handler
 *fill*         0x0000000008000b9a        0x2 
 .text.USB_UCPD1_2_IRQHandler
                0x0000000008000b9c       0x18 ./Core/Src/stm32g0xx_it.o
                0x0000000008000b9c                USB_UCPD1_2_IRQHandler
 .text.SystemInit
                0x0000000008000bb4        0xa ./Core/Src/system_stm32g0xx.o
                0x0000000008000bb4                SystemInit
 *fill*         0x0000000008000bbe        0x2 
 .text.Reset_Handler
                0x0000000008000bc0       0x50 ./Core/Startup/startup_stm32g0b1retx.o
                0x0000000008000bc0                Reset_Handler
 .text.Default_Handler
                0x0000000008000c10        0x2 ./Core/Startup/startup_stm32g0b1retx.o
                0x0000000008000c10                I2C2_3_IRQHandler
                0x0000000008000c10                USART3_4_5_6_LPUART1_IRQHandler
                0x0000000008000c10                TIM1_CC_IRQHandler
                0x0000000008000c10                ADC1_COMP_IRQHandler
                0x0000000008000c10                I2C1_IRQHandler
                0x0000000008000c10                TIM7_LPTIM2_IRQHandler
                0x0000000008000c10                TIM17_FDCAN_IT1_IRQHandler
                0x0000000008000c10                DMA1_Ch4_7_DMA2_Ch1_5_DMAMUX1_OVR_IRQHandler
                0x0000000008000c10                RCC_CRS_IRQHandler
                0x0000000008000c10                RTC_TAMP_IRQHandler
                0x0000000008000c10                SPI1_IRQHandler
                0x0000000008000c10                EXTI2_3_IRQHandler
                0x0000000008000c10                USART2_LPUART2_IRQHandler
                0x0000000008000c10                PVD_VDDIO2_IRQHandler
                0x0000000008000c10                EXTI4_15_IRQHandler
                0x0000000008000c10                DMA1_Channel1_IRQHandler
                0x0000000008000c10                Default_Handler
                0x0000000008000c10                CEC_IRQHandler
                0x0000000008000c10                TIM14_IRQHandler
                0x0000000008000c10                TIM15_IRQHandler
                0x0000000008000c10                TIM3_TIM4_IRQHandler
                0x0000000008000c10                EXTI0_1_IRQHandler
                0x0000000008000c10                SPI2_3_IRQHandler
                0x0000000008000c10                TIM6_DAC_LPTIM1_IRQHandler
                0x0000000008000c10                WWDG_IRQHandler
                0x0000000008000c10                TIM2_IRQHandler
                0x0000000008000c10                DMA1_Channel2_3_IRQHandler
                0x0000000008000c10                FLASH_IRQHandler
                0x0000000008000c10                USART1_IRQHandler
                0x0000000008000c10                TIM16_FDCAN_IT0_IRQHandler
                0x0000000008000c10                TIM1_BRK_UP_TRG_COM_IRQHandler
 *fill*         0x0000000008000c12        0x2 
 .text.HAL_Init
                0x0000000008000c14       0x40 ./Drivers/STM32G0xx_HAL_Driver/Src/stm32g0xx_hal.o
                0x0000000008000c14                HAL_Init
 .text.HAL_InitTick
                0x0000000008000c54       0x94 ./Drivers/STM32G0xx_HAL_Driver/Src/stm32g0xx_hal.o
                0x0000000008000c54                HAL_InitTick
 .text.HAL_IncTick
                0x0000000008000ce8       0x24 ./Drivers/STM32G0xx_HAL_Driver/Src/stm32g0xx_hal.o
                0x0000000008000ce8                HAL_IncTick
 .text.HAL_GetTick
                0x0000000008000d0c       0x14 ./Drivers/STM32G0xx_HAL_Driver/Src/stm32g0xx_hal.o
                0x0000000008000d0c                HAL_GetTick
 .text.HAL_Delay
                0x0000000008000d20       0x48 ./Drivers/STM32G0xx_HAL_Driver/Src/stm32g0xx_hal.o
                0x0000000008000d20                HAL_Delay
 .text.__NVIC_EnableIRQ
                0x0000000008000d68       0x34 ./Drivers/STM32G0xx_HAL_Driver/Src/stm32g0xx_hal_cortex.o
 .text.__NVIC_SetPriority
                0x0000000008000d9c       0xdc ./Drivers/STM32G0xx_HAL_Driver/Src/stm32g0xx_hal_cortex.o
 .text.SysTick_Config
                0x0000000008000e78       0x48 ./Drivers/STM32G0xx_HAL_Driver/Src/stm32g0xx_hal_cortex.o
 .text.HAL_NVIC_SetPriority
                0x0000000008000ec0       0x2a ./Drivers/STM32G0xx_HAL_Driver/Src/stm32g0xx_hal_cortex.o
                0x0000000008000ec0                HAL_NVIC_SetPriority
 .text.HAL_NVIC_EnableIRQ
                0x0000000008000eea       0x20 ./Drivers/STM32G0xx_HAL_Driver/Src/stm32g0xx_hal_cortex.o
                0x0000000008000eea                HAL_NVIC_EnableIRQ
 .text.HAL_SYSTICK_Config
                0x0000000008000f0a       0x1a ./Drivers/STM32G0xx_HAL_Driver/Src/stm32g0xx_hal_cortex.o
                0x0000000008000f0a                HAL_SYSTICK_Config
 .text.HAL_GPIO_Init
                0x0000000008000f24      0x2d8 ./Drivers/STM32G0xx_HAL_Driver/Src/stm32g0xx_hal_gpio.o
                0x0000000008000f24                HAL_GPIO_Init
 .text.HAL_GPIO_WritePin
                0x00000000080011fc       0x3a ./Drivers/STM32G0xx_HAL_Driver/Src/stm32g0xx_hal_gpio.o
                0x00000000080011fc                HAL_GPIO_WritePin
 *fill*         0x0000000008001236        0x2 
 .text.PCD_GET_EP_RX_CNT
                0x0000000008001238       0x44 ./Drivers/STM32G0xx_HAL_Driver/Src/stm32g0xx_hal_pcd.o
 .text.PCD_GET_EP_DBUF0_CNT
                0x000000000800127c       0x44 ./Drivers/STM32G0xx_HAL_Driver/Src/stm32g0xx_hal_pcd.o
 .text.PCD_GET_EP_DBUF1_CNT
                0x00000000080012c0       0x44 ./Drivers/STM32G0xx_HAL_Driver/Src/stm32g0xx_hal_pcd.o
 .text.HAL_PCD_Init
                0x0000000008001304      0x234 ./Drivers/STM32G0xx_HAL_Driver/Src/stm32g0xx_hal_pcd.o
                0x0000000008001304                HAL_PCD_Init
 .text.HAL_PCD_Start
                0x0000000008001538       0x4a ./Drivers/STM32G0xx_HAL_Driver/Src/stm32g0xx_hal_pcd.o
                0x0000000008001538                HAL_PCD_Start
 *fill*         0x0000000008001582        0x2 
 .text.HAL_PCD_IRQHandler
                0x0000000008001584      0x22c ./Drivers/STM32G0xx_HAL_Driver/Src/stm32g0xx_hal_pcd.o
                0x0000000008001584                HAL_PCD_IRQHandler
 .text.HAL_PCD_SetAddress
                0x00000000080017b0       0x56 ./Drivers/STM32G0xx_HAL_Driver/Src/stm32g0xx_hal_pcd.o
                0x00000000080017b0                HAL_PCD_SetAddress
 .text.HAL_PCD_EP_Open
                0x0000000008001806       0xf4 ./Drivers/STM32G0xx_HAL_Driver/Src/stm32g0xx_hal_pcd.o
                0x0000000008001806                HAL_PCD_EP_Open
 .text.HAL_PCD_EP_Close
                0x00000000080018fa       0xa6 ./Drivers/STM32G0xx_HAL_Driver/Src/stm32g0xx_hal_pcd.o
                0x00000000080018fa                HAL_PCD_EP_Close
 .text.HAL_PCD_EP_Receive
                0x00000000080019a0       0x8a ./Drivers/STM32G0xx_HAL_Driver/Src/stm32g0xx_hal_pcd.o
                0x00000000080019a0                HAL_PCD_EP_Receive
 .text.HAL_PCD_EP_GetRxCount
                0x0000000008001a2a       0x32 ./Drivers/STM32G0xx_HAL_Driver/Src/stm32g0xx_hal_pcd.o
                0x0000000008001a2a                HAL_PCD_EP_GetRxCount
 .text.HAL_PCD_EP_Transmit
                0x0000000008001a5c       0x94 ./Drivers/STM32G0xx_HAL_Driver/Src/stm32g0xx_hal_pcd.o
                0x0000000008001a5c                HAL_PCD_EP_Transmit
 .text.HAL_PCD_EP_SetStall
                0x0000000008001af0       0xbc ./Drivers/STM32G0xx_HAL_Driver/Src/stm32g0xx_hal_pcd.o
                0x0000000008001af0                HAL_PCD_EP_SetStall
 .text.HAL_PCD_EP_ClrStall
                0x0000000008001bac       0xc0 ./Drivers/STM32G0xx_HAL_Driver/Src/stm32g0xx_hal_pcd.o
                0x0000000008001bac                HAL_PCD_EP_ClrStall
 .text.PCD_EP_ISR_Handler
                0x0000000008001c6c      0x748 ./Drivers/STM32G0xx_HAL_Driver/Src/stm32g0xx_hal_pcd.o
 .text.HAL_PCD_EP_DB_Receive
                0x00000000080023b4      0x1d8 ./Drivers/STM32G0xx_HAL_Driver/Src/stm32g0xx_hal_pcd.o
 .text.HAL_PCD_EP_DB_Transmit
                0x000000000800258c      0x860 ./Drivers/STM32G0xx_HAL_Driver/Src/stm32g0xx_hal_pcd.o
 .text.HAL_PCDEx_PMAConfig
                0x0000000008002dec       0xa0 ./Drivers/STM32G0xx_HAL_Driver/Src/stm32g0xx_hal_pcd_ex.o
                0x0000000008002dec                HAL_PCDEx_PMAConfig
 .text.HAL_PCDEx_ActivateLPM
                0x0000000008002e8c       0x44 ./Drivers/STM32G0xx_HAL_Driver/Src/stm32g0xx_hal_pcd_ex.o
                0x0000000008002e8c                HAL_PCDEx_ActivateLPM
 .text.HAL_PWREx_EnableVddUSB
                0x0000000008002ed0       0x1c ./Drivers/STM32G0xx_HAL_Driver/Src/stm32g0xx_hal_pwr_ex.o
                0x0000000008002ed0                HAL_PWREx_EnableVddUSB
 .text.HAL_PWREx_ControlVoltageScaling
                0x0000000008002eec       0x80 ./Drivers/STM32G0xx_HAL_Driver/Src/stm32g0xx_hal_pwr_ex.o
                0x0000000008002eec                HAL_PWREx_ControlVoltageScaling
 .text.LL_RCC_GetAPB1Prescaler
                0x0000000008002f6c       0x18 ./Drivers/STM32G0xx_HAL_Driver/Src/stm32g0xx_hal_rcc.o
 .text.HAL_RCC_OscConfig
                0x0000000008002f84      0x6c0 ./Drivers/STM32G0xx_HAL_Driver/Src/stm32g0xx_hal_rcc.o
                0x0000000008002f84                HAL_RCC_OscConfig
 .text.HAL_RCC_ClockConfig
                0x0000000008003644      0x210 ./Drivers/STM32G0xx_HAL_Driver/Src/stm32g0xx_hal_rcc.o
                0x0000000008003644                HAL_RCC_ClockConfig
 .text.HAL_RCC_GetSysClockFreq
                0x0000000008003854      0x104 ./Drivers/STM32G0xx_HAL_Driver/Src/stm32g0xx_hal_rcc.o
                0x0000000008003854                HAL_RCC_GetSysClockFreq
 .text.HAL_RCC_GetHCLKFreq
                0x0000000008003958       0x14 ./Drivers/STM32G0xx_HAL_Driver/Src/stm32g0xx_hal_rcc.o
                0x0000000008003958                HAL_RCC_GetHCLKFreq
 .text.HAL_RCC_GetPCLK1Freq
                0x000000000800396c       0x2c ./Drivers/STM32G0xx_HAL_Driver/Src/stm32g0xx_hal_rcc.o
                0x000000000800396c                HAL_RCC_GetPCLK1Freq
 .text.HAL_RCCEx_PeriphCLKConfig
                0x0000000008003998      0x478 ./Drivers/STM32G0xx_HAL_Driver/Src/stm32g0xx_hal_rcc_ex.o
                0x0000000008003998                HAL_RCCEx_PeriphCLKConfig
 .text.HAL_UART_Init
                0x0000000008003e10       0xac ./Drivers/STM32G0xx_HAL_Driver/Src/stm32g0xx_hal_uart.o
                0x0000000008003e10                HAL_UART_Init
 .text.UART_SetConfig
                0x0000000008003ebc      0x6ac ./Drivers/STM32G0xx_HAL_Driver/Src/stm32g0xx_hal_uart.o
                0x0000000008003ebc                UART_SetConfig
 .text.UART_AdvFeatureConfig
                0x0000000008004568      0x168 ./Drivers/STM32G0xx_HAL_Driver/Src/stm32g0xx_hal_uart.o
                0x0000000008004568                UART_AdvFeatureConfig
 .text.UART_CheckIdleState
                0x00000000080046d0       0x9c ./Drivers/STM32G0xx_HAL_Driver/Src/stm32g0xx_hal_uart.o
                0x00000000080046d0                UART_CheckIdleState
 .text.UART_WaitOnFlagUntilTimeout
                0x000000000800476c      0x190 ./Drivers/STM32G0xx_HAL_Driver/Src/stm32g0xx_hal_uart.o
                0x000000000800476c                UART_WaitOnFlagUntilTimeout
 .text.HAL_UARTEx_DisableFifoMode
                0x00000000080048fc       0x74 ./Drivers/STM32G0xx_HAL_Driver/Src/stm32g0xx_hal_uart_ex.o
                0x00000000080048fc                HAL_UARTEx_DisableFifoMode
 .text.HAL_UARTEx_SetTxFifoThreshold
                0x0000000008004970       0x7e ./Drivers/STM32G0xx_HAL_Driver/Src/stm32g0xx_hal_uart_ex.o
                0x0000000008004970                HAL_UARTEx_SetTxFifoThreshold
 *fill*         0x00000000080049ee        0x2 
 .text.HAL_UARTEx_SetRxFifoThreshold
                0x00000000080049f0       0x84 ./Drivers/STM32G0xx_HAL_Driver/Src/stm32g0xx_hal_uart_ex.o
                0x00000000080049f0                HAL_UARTEx_SetRxFifoThreshold
 .text.UARTEx_SetNbDataToProcess
                0x0000000008004a74       0xbc ./Drivers/STM32G0xx_HAL_Driver/Src/stm32g0xx_hal_uart_ex.o
 .text.LL_GPIO_SetPinMode
                0x0000000008004b30       0x38 ./Drivers/STM32G0xx_HAL_Driver/Src/stm32g0xx_ll_gpio.o
 .text.LL_GPIO_SetPinOutputType
                0x0000000008004b68       0x2a ./Drivers/STM32G0xx_HAL_Driver/Src/stm32g0xx_ll_gpio.o
 .text.LL_GPIO_SetPinSpeed
                0x0000000008004b92       0x38 ./Drivers/STM32G0xx_HAL_Driver/Src/stm32g0xx_ll_gpio.o
 .text.LL_GPIO_SetPinPull
                0x0000000008004bca       0x38 ./Drivers/STM32G0xx_HAL_Driver/Src/stm32g0xx_ll_gpio.o
 .text.LL_GPIO_SetAFPin_0_7
                0x0000000008004c02       0x46 ./Drivers/STM32G0xx_HAL_Driver/Src/stm32g0xx_ll_gpio.o
 .text.LL_GPIO_SetAFPin_8_15
                0x0000000008004c48       0x5a ./Drivers/STM32G0xx_HAL_Driver/Src/stm32g0xx_ll_gpio.o
 .text.LL_GPIO_Init
                0x0000000008004ca2       0xb6 ./Drivers/STM32G0xx_HAL_Driver/Src/stm32g0xx_ll_gpio.o
                0x0000000008004ca2                LL_GPIO_Init
 .text.USB_EnableGlobalInt
                0x0000000008004d58       0x28 ./Drivers/STM32G0xx_HAL_Driver/Src/stm32g0xx_ll_usb.o
                0x0000000008004d58                USB_EnableGlobalInt
 .text.USB_DisableGlobalInt
                0x0000000008004d80       0x28 ./Drivers/STM32G0xx_HAL_Driver/Src/stm32g0xx_ll_usb.o
                0x0000000008004d80                USB_DisableGlobalInt
 .text.USB_SetCurrentMode
                0x0000000008004da8       0x3c ./Drivers/STM32G0xx_HAL_Driver/Src/stm32g0xx_ll_usb.o
                0x0000000008004da8                USB_SetCurrentMode
 .text.USB_DevInit
                0x0000000008004de4       0x52 ./Drivers/STM32G0xx_HAL_Driver/Src/stm32g0xx_ll_usb.o
                0x0000000008004de4                USB_DevInit
 *fill*         0x0000000008004e36        0x2 
 .text.USB_ActivateEndpoint
                0x0000000008004e38      0x688 ./Drivers/STM32G0xx_HAL_Driver/Src/stm32g0xx_ll_usb.o
                0x0000000008004e38                USB_ActivateEndpoint
 .text.USB_DeactivateEndpoint
                0x00000000080054c0      0x2cc ./Drivers/STM32G0xx_HAL_Driver/Src/stm32g0xx_ll_usb.o
                0x00000000080054c0                USB_DeactivateEndpoint
 .text.USB_EPStartXfer
                0x000000000800578c     0x11a8 ./Drivers/STM32G0xx_HAL_Driver/Src/stm32g0xx_ll_usb.o
                0x000000000800578c                USB_EPStartXfer
 .text.USB_EPSetStall
                0x0000000008006934       0x84 ./Drivers/STM32G0xx_HAL_Driver/Src/stm32g0xx_ll_usb.o
                0x0000000008006934                USB_EPSetStall
 .text.USB_EPClearStall
                0x00000000080069b8      0x124 ./Drivers/STM32G0xx_HAL_Driver/Src/stm32g0xx_ll_usb.o
                0x00000000080069b8                USB_EPClearStall
 .text.USB_SetDevAddress
                0x0000000008006adc       0x26 ./Drivers/STM32G0xx_HAL_Driver/Src/stm32g0xx_ll_usb.o
                0x0000000008006adc                USB_SetDevAddress
 .text.USB_DevConnect
                0x0000000008006b02       0x20 ./Drivers/STM32G0xx_HAL_Driver/Src/stm32g0xx_ll_usb.o
                0x0000000008006b02                USB_DevConnect
 .text.USB_ReadInterrupts
                0x0000000008006b22       0x18 ./Drivers/STM32G0xx_HAL_Driver/Src/stm32g0xx_ll_usb.o
                0x0000000008006b22                USB_ReadInterrupts
 *fill*         0x0000000008006b3a        0x2 
 .text.USB_WritePMA
                0x0000000008006b3c       0xec ./Drivers/STM32G0xx_HAL_Driver/Src/stm32g0xx_ll_usb.o
                0x0000000008006b3c                USB_WritePMA
 .text.USB_ReadPMA
                0x0000000008006c28      0x120 ./Drivers/STM32G0xx_HAL_Driver/Src/stm32g0xx_ll_usb.o
                0x0000000008006c28                USB_ReadPMA
 .text.USBD_CDC_Init
                0x0000000008006d48      0x220 ./Middlewares/ST/STM32_USB_Device_Library/Class/CDC/Src/usbd_cdc.o
 .text.USBD_CDC_DeInit
                0x0000000008006f68      0x120 ./Middlewares/ST/STM32_USB_Device_Library/Class/CDC/Src/usbd_cdc.o
 .text.USBD_CDC_Setup
                0x0000000008007088      0x1f0 ./Middlewares/ST/STM32_USB_Device_Library/Class/CDC/Src/usbd_cdc.o
 .text.USBD_CDC_DataIn
                0x0000000008007278      0x11e ./Middlewares/ST/STM32_USB_Device_Library/Class/CDC/Src/usbd_cdc.o
 .text.USBD_CDC_DataOut
                0x0000000008007396       0x86 ./Middlewares/ST/STM32_USB_Device_Library/Class/CDC/Src/usbd_cdc.o
 .text.USBD_CDC_EP0_RxReady
                0x000000000800741c       0x8c ./Middlewares/ST/STM32_USB_Device_Library/Class/CDC/Src/usbd_cdc.o
 .text.USBD_CDC_GetFSCfgDesc
                0x00000000080074a8       0x90 ./Middlewares/ST/STM32_USB_Device_Library/Class/CDC/Src/usbd_cdc.o
 .text.USBD_CDC_GetHSCfgDesc
                0x0000000008007538       0x90 ./Middlewares/ST/STM32_USB_Device_Library/Class/CDC/Src/usbd_cdc.o
 .text.USBD_CDC_GetOtherSpeedCfgDesc
                0x00000000080075c8       0x90 ./Middlewares/ST/STM32_USB_Device_Library/Class/CDC/Src/usbd_cdc.o
 .text.USBD_CDC_GetDeviceQualifierDescriptor
                0x0000000008007658       0x1c ./Middlewares/ST/STM32_USB_Device_Library/Class/CDC/Src/usbd_cdc.o
                0x0000000008007658                USBD_CDC_GetDeviceQualifierDescriptor
 .text.USBD_CDC_RegisterInterface
                0x0000000008007674       0x34 ./Middlewares/ST/STM32_USB_Device_Library/Class/CDC/Src/usbd_cdc.o
                0x0000000008007674                USBD_CDC_RegisterInterface
 .text.USBD_CDC_SetTxBuffer
                0x00000000080076a8       0x46 ./Middlewares/ST/STM32_USB_Device_Library/Class/CDC/Src/usbd_cdc.o
                0x00000000080076a8                USBD_CDC_SetTxBuffer
 .text.USBD_CDC_SetRxBuffer
                0x00000000080076ee       0x3a ./Middlewares/ST/STM32_USB_Device_Library/Class/CDC/Src/usbd_cdc.o
                0x00000000080076ee                USBD_CDC_SetRxBuffer
 .text.USBD_CDC_TransmitPacket
                0x0000000008007728       0x9c ./Middlewares/ST/STM32_USB_Device_Library/Class/CDC/Src/usbd_cdc.o
                0x0000000008007728                USBD_CDC_TransmitPacket
 .text.USBD_CDC_ReceivePacket
                0x00000000080077c4       0x74 ./Middlewares/ST/STM32_USB_Device_Library/Class/CDC/Src/usbd_cdc.o
                0x00000000080077c4                USBD_CDC_ReceivePacket
 .text.USBD_Init
                0x0000000008007838       0x74 ./Middlewares/ST/STM32_USB_Device_Library/Core/Src/usbd_core.o
                0x0000000008007838                USBD_Init
 .text.USBD_RegisterClass
                0x00000000080078ac       0x7c ./Middlewares/ST/STM32_USB_Device_Library/Core/Src/usbd_core.o
                0x00000000080078ac                USBD_RegisterClass
 .text.USBD_Start
                0x0000000008007928       0x1a ./Middlewares/ST/STM32_USB_Device_Library/Core/Src/usbd_core.o
                0x0000000008007928                USBD_Start
 .text.USBD_RunTestMode
                0x0000000008007942       0x12 ./Middlewares/ST/STM32_USB_Device_Library/Core/Src/usbd_core.o
                0x0000000008007942                USBD_RunTestMode
 .text.USBD_SetClassConfig
                0x0000000008007954       0x4a ./Middlewares/ST/STM32_USB_Device_Library/Core/Src/usbd_core.o
                0x0000000008007954                USBD_SetClassConfig
 .text.USBD_ClrClassConfig
                0x000000000800799e       0x42 ./Middlewares/ST/STM32_USB_Device_Library/Core/Src/usbd_core.o
                0x000000000800799e                USBD_ClrClassConfig
 .text.USBD_LL_SetupStage
                0x00000000080079e0       0xd4 ./Middlewares/ST/STM32_USB_Device_Library/Core/Src/usbd_core.o
                0x00000000080079e0                USBD_LL_SetupStage
 .text.USBD_LL_DataOutStage
                0x0000000008007ab4      0x1d0 ./Middlewares/ST/STM32_USB_Device_Library/Core/Src/usbd_core.o
                0x0000000008007ab4                USBD_LL_DataOutStage
 .text.USBD_LL_DataInStage
                0x0000000008007c84      0x1b0 ./Middlewares/ST/STM32_USB_Device_Library/Core/Src/usbd_core.o
                0x0000000008007c84                USBD_LL_DataInStage
 .text.USBD_LL_Reset
                0x0000000008007e34       0xbe ./Middlewares/ST/STM32_USB_Device_Library/Core/Src/usbd_core.o
                0x0000000008007e34                USBD_LL_Reset
 .text.USBD_LL_SetSpeed
                0x0000000008007ef2       0x20 ./Middlewares/ST/STM32_USB_Device_Library/Core/Src/usbd_core.o
                0x0000000008007ef2                USBD_LL_SetSpeed
 *fill*         0x0000000008007f12        0x2 
 .text.USBD_LL_Suspend
                0x0000000008007f14       0x30 ./Middlewares/ST/STM32_USB_Device_Library/Core/Src/usbd_core.o
                0x0000000008007f14                USBD_LL_Suspend
 .text.USBD_LL_Resume
                0x0000000008007f44       0x34 ./Middlewares/ST/STM32_USB_Device_Library/Core/Src/usbd_core.o
                0x0000000008007f44                USBD_LL_Resume
 .text.USBD_LL_SOF
                0x0000000008007f78       0x4a ./Middlewares/ST/STM32_USB_Device_Library/Core/Src/usbd_core.o
                0x0000000008007f78                USBD_LL_SOF
 .text.USBD_CoreFindIF
                0x0000000008007fc2       0x18 ./Middlewares/ST/STM32_USB_Device_Library/Core/Src/usbd_core.o
                0x0000000008007fc2                USBD_CoreFindIF
 .text.USBD_CoreFindEP
                0x0000000008007fda       0x18 ./Middlewares/ST/STM32_USB_Device_Library/Core/Src/usbd_core.o
                0x0000000008007fda                USBD_CoreFindEP
 .text.USBD_GetEpDesc
                0x0000000008007ff2       0x90 ./Middlewares/ST/STM32_USB_Device_Library/Core/Src/usbd_core.o
                0x0000000008007ff2                USBD_GetEpDesc
 .text.USBD_GetNextDesc
                0x0000000008008082       0x36 ./Middlewares/ST/STM32_USB_Device_Library/Core/Src/usbd_core.o
                0x0000000008008082                USBD_GetNextDesc
 .text.SWAPBYTE
                0x00000000080080b8       0x4a ./Middlewares/ST/STM32_USB_Device_Library/Core/Src/usbd_ctlreq.o
 *fill*         0x0000000008008102        0x2 
 .text.USBD_StdDevReq
                0x0000000008008104       0xfc ./Middlewares/ST/STM32_USB_Device_Library/Core/Src/usbd_ctlreq.o
                0x0000000008008104                USBD_StdDevReq
 .text.USBD_StdItfReq
                0x0000000008008200      0x11a ./Middlewares/ST/STM32_USB_Device_Library/Core/Src/usbd_ctlreq.o
                0x0000000008008200                USBD_StdItfReq
 .text.USBD_StdEPReq
                0x000000000800831a      0x40a ./Middlewares/ST/STM32_USB_Device_Library/Core/Src/usbd_ctlreq.o
                0x000000000800831a                USBD_StdEPReq
 .text.USBD_GetDescriptor
                0x0000000008008724      0x3b4 ./Middlewares/ST/STM32_USB_Device_Library/Core/Src/usbd_ctlreq.o
 .text.USBD_SetAddress
                0x0000000008008ad8       0xac ./Middlewares/ST/STM32_USB_Device_Library/Core/Src/usbd_ctlreq.o
 .text.USBD_SetConfig
                0x0000000008008b84      0x19c ./Middlewares/ST/STM32_USB_Device_Library/Core/Src/usbd_ctlreq.o
 .text.USBD_GetConfig
                0x0000000008008d20       0x78 ./Middlewares/ST/STM32_USB_Device_Library/Core/Src/usbd_ctlreq.o
 .text.USBD_GetStatus
                0x0000000008008d98       0x76 ./Middlewares/ST/STM32_USB_Device_Library/Core/Src/usbd_ctlreq.o
 .text.USBD_SetFeature
                0x0000000008008e0e       0x5e ./Middlewares/ST/STM32_USB_Device_Library/Core/Src/usbd_ctlreq.o
 .text.USBD_ClrFeature
                0x0000000008008e6c       0x4e ./Middlewares/ST/STM32_USB_Device_Library/Core/Src/usbd_ctlreq.o
 .text.USBD_ParseSetupRequest
                0x0000000008008eba       0x7a ./Middlewares/ST/STM32_USB_Device_Library/Core/Src/usbd_ctlreq.o
                0x0000000008008eba                USBD_ParseSetupRequest
 .text.USBD_CtlError
                0x0000000008008f34       0x26 ./Middlewares/ST/STM32_USB_Device_Library/Core/Src/usbd_ctlreq.o
                0x0000000008008f34                USBD_CtlError
 .text.USBD_GetString
                0x0000000008008f5a       0xac ./Middlewares/ST/STM32_USB_Device_Library/Core/Src/usbd_ctlreq.o
                0x0000000008008f5a                USBD_GetString
 .text.USBD_GetLen
                0x0000000008009006       0x3e ./Middlewares/ST/STM32_USB_Device_Library/Core/Src/usbd_ctlreq.o
 .text.USBD_CtlSendData
                0x0000000008009044       0x38 ./Middlewares/ST/STM32_USB_Device_Library/Core/Src/usbd_ioreq.o
                0x0000000008009044                USBD_CtlSendData
 .text.USBD_CtlContinueSendData
                0x000000000800907c       0x22 ./Middlewares/ST/STM32_USB_Device_Library/Core/Src/usbd_ioreq.o
                0x000000000800907c                USBD_CtlContinueSendData
 .text.USBD_CtlPrepareRx
                0x000000000800909e       0x40 ./Middlewares/ST/STM32_USB_Device_Library/Core/Src/usbd_ioreq.o
                0x000000000800909e                USBD_CtlPrepareRx
 .text.USBD_CtlContinueRx
                0x00000000080090de       0x22 ./Middlewares/ST/STM32_USB_Device_Library/Core/Src/usbd_ioreq.o
                0x00000000080090de                USBD_CtlContinueRx
 .text.USBD_CtlSendStatus
                0x0000000008009100       0x28 ./Middlewares/ST/STM32_USB_Device_Library/Core/Src/usbd_ioreq.o
                0x0000000008009100                USBD_CtlSendStatus
 .text.USBD_CtlReceiveStatus
                0x0000000008009128       0x28 ./Middlewares/ST/STM32_USB_Device_Library/Core/Src/usbd_ioreq.o
                0x0000000008009128                USBD_CtlReceiveStatus
 .text.MX_USB_Device_Init
                0x0000000008009150       0x68 ./USB_Device/App/usb_device.o
                0x0000000008009150                MX_USB_Device_Init
 .text.CDC_Init_FS
                0x00000000080091b8       0x30 ./USB_Device/App/usbd_cdc_if.o
 .text.CDC_DeInit_FS
                0x00000000080091e8        0xc ./USB_Device/App/usbd_cdc_if.o
 .text.CDC_Control_FS
                0x00000000080091f4       0x38 ./USB_Device/App/usbd_cdc_if.o
 .text.CDC_Receive_FS
                0x000000000800922c       0x38 ./USB_Device/App/usbd_cdc_if.o
 .text.CDC_Transmit_FS
                0x0000000008009264       0x60 ./USB_Device/App/usbd_cdc_if.o
                0x0000000008009264                CDC_Transmit_FS
 .text.CDC_TransmitCplt_FS
                0x00000000080092c4       0x24 ./USB_Device/App/usbd_cdc_if.o
 .text.USBD_CDC_DeviceDescriptor
                0x00000000080092e8       0x24 ./USB_Device/App/usbd_desc.o
                0x00000000080092e8                USBD_CDC_DeviceDescriptor
 .text.USBD_CDC_LangIDStrDescriptor
                0x000000000800930c       0x24 ./USB_Device/App/usbd_desc.o
                0x000000000800930c                USBD_CDC_LangIDStrDescriptor
 .text.USBD_CDC_ProductStrDescriptor
                0x0000000008009330       0x44 ./USB_Device/App/usbd_desc.o
                0x0000000008009330                USBD_CDC_ProductStrDescriptor
 .text.USBD_CDC_ManufacturerStrDescriptor
                0x0000000008009374       0x2c ./USB_Device/App/usbd_desc.o
                0x0000000008009374                USBD_CDC_ManufacturerStrDescriptor
 .text.USBD_CDC_SerialStrDescriptor
                0x00000000080093a0       0x28 ./USB_Device/App/usbd_desc.o
                0x00000000080093a0                USBD_CDC_SerialStrDescriptor
 .text.USBD_CDC_ConfigStrDescriptor
                0x00000000080093c8       0x44 ./USB_Device/App/usbd_desc.o
                0x00000000080093c8                USBD_CDC_ConfigStrDescriptor
 .text.USBD_CDC_InterfaceStrDescriptor
                0x000000000800940c       0x44 ./USB_Device/App/usbd_desc.o
                0x000000000800940c                USBD_CDC_InterfaceStrDescriptor
 .text.Get_SerialNum
                0x0000000008009450       0x5c ./USB_Device/App/usbd_desc.o
 .text.IntToUnicode
                0x00000000080094ac       0x96 ./USB_Device/App/usbd_desc.o
 *fill*         0x0000000008009542        0x2 
 .text.HAL_PCD_MspInit
                0x0000000008009544       0xc0 ./USB_Device/Target/usbd_conf.o
                0x0000000008009544                HAL_PCD_MspInit
 .text.HAL_PCD_SetupStageCallback
                0x0000000008009604       0x2a ./USB_Device/Target/usbd_conf.o
                0x0000000008009604                HAL_PCD_SetupStageCallback
 .text.HAL_PCD_DataOutStageCallback
                0x000000000800962e       0x42 ./USB_Device/Target/usbd_conf.o
                0x000000000800962e                HAL_PCD_DataOutStageCallback
 .text.HAL_PCD_DataInStageCallback
                0x0000000008009670       0x3c ./USB_Device/Target/usbd_conf.o
                0x0000000008009670                HAL_PCD_DataInStageCallback
 .text.HAL_PCD_SOFCallback
                0x00000000080096ac       0x1e ./USB_Device/Target/usbd_conf.o
                0x00000000080096ac                HAL_PCD_SOFCallback
 .text.HAL_PCD_ResetCallback
                0x00000000080096ca       0x48 ./USB_Device/Target/usbd_conf.o
                0x00000000080096ca                HAL_PCD_ResetCallback
 *fill*         0x0000000008009712        0x2 
 .text.HAL_PCD_SuspendCallback
                0x0000000008009714       0x38 ./USB_Device/Target/usbd_conf.o
                0x0000000008009714                HAL_PCD_SuspendCallback
 .text.HAL_PCD_ResumeCallback
                0x000000000800974c       0x3c ./USB_Device/Target/usbd_conf.o
                0x000000000800974c                HAL_PCD_ResumeCallback
 .text.USBD_LL_Init
                0x0000000008009788       0xe4 ./USB_Device/Target/usbd_conf.o
                0x0000000008009788                USBD_LL_Init
 .text.USBD_LL_Start
                0x000000000800986c       0x4a ./USB_Device/Target/usbd_conf.o
                0x000000000800986c                USBD_LL_Start
 .text.USBD_LL_OpenEP
                0x00000000080098b6       0x6e ./USB_Device/Target/usbd_conf.o
                0x00000000080098b6                USBD_LL_OpenEP
 .text.USBD_LL_CloseEP
                0x0000000008009924       0x56 ./USB_Device/Target/usbd_conf.o
                0x0000000008009924                USBD_LL_CloseEP
 .text.USBD_LL_StallEP
                0x000000000800997a       0x56 ./USB_Device/Target/usbd_conf.o
                0x000000000800997a                USBD_LL_StallEP
 .text.USBD_LL_ClearStallEP
                0x00000000080099d0       0x56 ./USB_Device/Target/usbd_conf.o
                0x00000000080099d0                USBD_LL_ClearStallEP
 .text.USBD_LL_IsStallEP
                0x0000000008009a26       0x62 ./USB_Device/Target/usbd_conf.o
                0x0000000008009a26                USBD_LL_IsStallEP
 .text.USBD_LL_SetUSBAddress
                0x0000000008009a88       0x56 ./USB_Device/Target/usbd_conf.o
                0x0000000008009a88                USBD_LL_SetUSBAddress
 .text.USBD_LL_Transmit
                0x0000000008009ade       0x60 ./USB_Device/Target/usbd_conf.o
                0x0000000008009ade                USBD_LL_Transmit
 .text.USBD_LL_PrepareReceive
                0x0000000008009b3e       0x60 ./USB_Device/Target/usbd_conf.o
                0x0000000008009b3e                USBD_LL_PrepareReceive
 .text.USBD_LL_GetRxDataSize
                0x0000000008009b9e       0x2c ./USB_Device/Target/usbd_conf.o
                0x0000000008009b9e                USBD_LL_GetRxDataSize
 *fill*         0x0000000008009bca        0x2 
 .text.HAL_PCDEx_LPM_Callback
                0x0000000008009bcc       0x74 ./USB_Device/Target/usbd_conf.o
                0x0000000008009bcc                HAL_PCDEx_LPM_Callback
 .text.USBD_static_malloc
                0x0000000008009c40       0x18 ./USB_Device/Target/usbd_conf.o
                0x0000000008009c40                USBD_static_malloc
 .text.USBD_static_free
                0x0000000008009c58       0x10 ./USB_Device/Target/usbd_conf.o
                0x0000000008009c58                USBD_static_free
 .text.SystemClockConfig_Resume
                0x0000000008009c68        0xe ./USB_Device/Target/usbd_conf.o
 .text.USBD_Get_USB_Status
                0x0000000008009c76       0x6e ./USB_Device/Target/usbd_conf.o
 .text.memset   0x0000000008009ce4       0x10 /opt/st/stm32cubeide_1.13.1/plugins/com.st.stm32cube.ide.mcu.externaltools.gnu-tools-for-stm32.11.3.rel1.linux64_1.1.0.202305231506/tools/bin/../lib/gcc/arm-none-eabi/11.3.1/../../../../arm-none-eabi/lib/thumb/v6-m/nofp/libc_nano.a(libc_a-memset.o)
                0x0000000008009ce4                memset
 .text.__libc_init_array
                0x0000000008009cf4       0x48 /opt/st/stm32cubeide_1.13.1/plugins/com.st.stm32cube.ide.mcu.externaltools.gnu-tools-for-stm32.11.3.rel1.linux64_1.1.0.202305231506/tools/bin/../lib/gcc/arm-none-eabi/11.3.1/../../../../arm-none-eabi/lib/thumb/v6-m/nofp/libc_nano.a(libc_a-init.o)
                0x0000000008009cf4                __libc_init_array
 *(.glue_7)
 .glue_7        0x0000000008009d3c        0x0 linker stubs
 *(.glue_7t)
 .glue_7t       0x0000000008009d3c        0x0 linker stubs
 *(.eh_frame)
 .eh_frame      0x0000000008009d3c        0x0 /opt/st/stm32cubeide_1.13.1/plugins/com.st.stm32cube.ide.mcu.externaltools.gnu-tools-for-stm32.11.3.rel1.linux64_1.1.0.202305231506/tools/bin/../lib/gcc/arm-none-eabi/11.3.1/thumb/v6-m/nofp/crtbegin.o
 *(.init)
 .init          0x0000000008009d3c        0x4 /opt/st/stm32cubeide_1.13.1/plugins/com.st.stm32cube.ide.mcu.externaltools.gnu-tools-for-stm32.11.3.rel1.linux64_1.1.0.202305231506/tools/bin/../lib/gcc/arm-none-eabi/11.3.1/thumb/v6-m/nofp/crti.o
                0x0000000008009d3c                _init
 .init          0x0000000008009d40        0x8 /opt/st/stm32cubeide_1.13.1/plugins/com.st.stm32cube.ide.mcu.externaltools.gnu-tools-for-stm32.11.3.rel1.linux64_1.1.0.202305231506/tools/bin/../lib/gcc/arm-none-eabi/11.3.1/thumb/v6-m/nofp/crtn.o
 *(.fini)
 .fini          0x0000000008009d48        0x4 /opt/st/stm32cubeide_1.13.1/plugins/com.st.stm32cube.ide.mcu.externaltools.gnu-tools-for-stm32.11.3.rel1.linux64_1.1.0.202305231506/tools/bin/../lib/gcc/arm-none-eabi/11.3.1/thumb/v6-m/nofp/crti.o
                0x0000000008009d48                _fini
 .fini          0x0000000008009d4c        0x8 /opt/st/stm32cubeide_1.13.1/plugins/com.st.stm32cube.ide.mcu.externaltools.gnu-tools-for-stm32.11.3.rel1.linux64_1.1.0.202305231506/tools/bin/../lib/gcc/arm-none-eabi/11.3.1/thumb/v6-m/nofp/crtn.o
                0x0000000008009d54                . = ALIGN (0x4)
                0x0000000008009d54                _etext = .

.vfp11_veneer   0x0000000008009d54        0x0
 .vfp11_veneer  0x0000000008009d54        0x0 linker stubs

.v4_bx          0x0000000008009d54        0x0
 .v4_bx         0x0000000008009d54        0x0 linker stubs

.iplt           0x0000000008009d54        0x0
 .iplt          0x0000000008009d54        0x0 /opt/st/stm32cubeide_1.13.1/plugins/com.st.stm32cube.ide.mcu.externaltools.gnu-tools-for-stm32.11.3.rel1.linux64_1.1.0.202305231506/tools/bin/../lib/gcc/arm-none-eabi/11.3.1/thumb/v6-m/nofp/crtbegin.o

.rodata         0x0000000008009d54      0x1f0
                0x0000000008009d54                . = ALIGN (0x4)
 *(.rodata)
 .rodata        0x0000000008009d54       0x10 ./Core/Src/main.o
 .rodata        0x0000000008009d64       0x46 ./USB_Device/App/usbd_desc.o
 *(.rodata*)
 *fill*         0x0000000008009daa        0x2 
 .rodata.AHBPrescTable
                0x0000000008009dac       0x40 ./Core/Src/system_stm32g0xx.o
                0x0000000008009dac                AHBPrescTable
 .rodata.APBPrescTable
                0x0000000008009dec       0x20 ./Core/Src/system_stm32g0xx.o
                0x0000000008009dec                APBPrescTable
 .rodata.UARTPrescTable
                0x0000000008009e0c       0x18 ./Drivers/STM32G0xx_HAL_Driver/Src/stm32g0xx_hal_uart.o
                0x0000000008009e0c                UARTPrescTable
 .rodata.numerator.1
                0x0000000008009e24        0x8 ./Drivers/STM32G0xx_HAL_Driver/Src/stm32g0xx_hal_uart_ex.o
 .rodata.denominator.0
                0x0000000008009e2c        0x8 ./Drivers/STM32G0xx_HAL_Driver/Src/stm32g0xx_hal_uart_ex.o
 .rodata.USBD_StdDevReq
                0x0000000008009e34       0x28 ./Middlewares/ST/STM32_USB_Device_Library/Core/Src/usbd_ctlreq.o
 .rodata.USBD_GetDescriptor
                0x0000000008009e5c       0x58 ./Middlewares/ST/STM32_USB_Device_Library/Core/Src/usbd_ctlreq.o
 .rodata.CDC_Control_FS
                0x0000000008009eb4       0x90 ./USB_Device/App/usbd_cdc_if.o
                0x0000000008009f44                . = ALIGN (0x4)

.ARM.extab      0x0000000008009f44        0x0
                0x0000000008009f44                . = ALIGN (0x4)
 *(.ARM.extab* .gnu.linkonce.armextab.*)
                0x0000000008009f44                . = ALIGN (0x4)

.ARM            0x0000000008009f44        0x8
                0x0000000008009f44                . = ALIGN (0x4)
                0x0000000008009f44                __exidx_start = .
 *(.ARM.exidx*)
 .ARM.exidx     0x0000000008009f44        0x8 /opt/st/stm32cubeide_1.13.1/plugins/com.st.stm32cube.ide.mcu.externaltools.gnu-tools-for-stm32.11.3.rel1.linux64_1.1.0.202305231506/tools/bin/../lib/gcc/arm-none-eabi/11.3.1/thumb/v6-m/nofp/libgcc.a(_udivmoddi4.o)
                0x0000000008009f4c                __exidx_end = .
                0x0000000008009f4c                . = ALIGN (0x4)

.rel.dyn        0x0000000008009f4c        0x0
 .rel.iplt      0x0000000008009f4c        0x0 /opt/st/stm32cubeide_1.13.1/plugins/com.st.stm32cube.ide.mcu.externaltools.gnu-tools-for-stm32.11.3.rel1.linux64_1.1.0.202305231506/tools/bin/../lib/gcc/arm-none-eabi/11.3.1/thumb/v6-m/nofp/crtbegin.o

.preinit_array  0x0000000008009f4c        0x0
                0x0000000008009f4c                . = ALIGN (0x4)
                0x0000000008009f4c                PROVIDE (__preinit_array_start = .)
 *(.preinit_array*)
                0x0000000008009f4c                PROVIDE (__preinit_array_end = .)
                0x0000000008009f4c                . = ALIGN (0x4)

.init_array     0x0000000008009f4c        0x4
                0x0000000008009f4c                . = ALIGN (0x4)
                0x0000000008009f4c                PROVIDE (__init_array_start = .)
 *(SORT_BY_NAME(.init_array.*))
 *(.init_array*)
 .init_array    0x0000000008009f4c        0x4 /opt/st/stm32cubeide_1.13.1/plugins/com.st.stm32cube.ide.mcu.externaltools.gnu-tools-for-stm32.11.3.rel1.linux64_1.1.0.202305231506/tools/bin/../lib/gcc/arm-none-eabi/11.3.1/thumb/v6-m/nofp/crtbegin.o
                0x0000000008009f50                PROVIDE (__init_array_end = .)
                0x0000000008009f50                . = ALIGN (0x4)

.fini_array     0x0000000008009f50        0x4
                0x0000000008009f50                . = ALIGN (0x4)
                [!provide]                        PROVIDE (__fini_array_start = .)
 *(SORT_BY_NAME(.fini_array.*))
 *(.fini_array*)
 .fini_array    0x0000000008009f50        0x4 /opt/st/stm32cubeide_1.13.1/plugins/com.st.stm32cube.ide.mcu.externaltools.gnu-tools-for-stm32.11.3.rel1.linux64_1.1.0.202305231506/tools/bin/../lib/gcc/arm-none-eabi/11.3.1/thumb/v6-m/nofp/crtbegin.o
                [!provide]                        PROVIDE (__fini_array_end = .)
                0x0000000008009f54                . = ALIGN (0x4)
                0x0000000008009f54                _sidata = LOADADDR (.data)

.data           0x0000000020000000      0x100 load address 0x0000000008009f54
                0x0000000020000000                . = ALIGN (0x4)
                0x0000000020000000                _sdata = .
 *(.data)
 *(.data*)
 .data.SystemCoreClock
                0x0000000020000000        0x4 ./Core/Src/system_stm32g0xx.o
                0x0000000020000000                SystemCoreClock
 .data.uwTickPrio
                0x0000000020000004        0x4 ./Drivers/STM32G0xx_HAL_Driver/Src/stm32g0xx_hal.o
                0x0000000020000004                uwTickPrio
 .data.uwTickFreq
                0x0000000020000008        0x1 ./Drivers/STM32G0xx_HAL_Driver/Src/stm32g0xx_hal.o
                0x0000000020000008                uwTickFreq
 *fill*         0x0000000020000009        0x3 
 .data.USBD_CDC_DeviceQualifierDesc
                0x000000002000000c        0xa ./Middlewares/ST/STM32_USB_Device_Library/Class/CDC/Src/usbd_cdc.o
 *fill*         0x0000000020000016        0x2 
 .data.USBD_CDC
                0x0000000020000018       0x38 ./Middlewares/ST/STM32_USB_Device_Library/Class/CDC/Src/usbd_cdc.o
                0x0000000020000018                USBD_CDC
 .data.USBD_CDC_CfgDesc
                0x0000000020000050       0x43 ./Middlewares/ST/STM32_USB_Device_Library/Class/CDC/Src/usbd_cdc.o
 .data.CDCInEpAdd
                0x0000000020000093        0x1 ./Middlewares/ST/STM32_USB_Device_Library/Class/CDC/Src/usbd_cdc.o
 .data.CDCOutEpAdd
                0x0000000020000094        0x1 ./Middlewares/ST/STM32_USB_Device_Library/Class/CDC/Src/usbd_cdc.o
 .data.CDCCmdEpAdd
                0x0000000020000095        0x1 ./Middlewares/ST/STM32_USB_Device_Library/Class/CDC/Src/usbd_cdc.o
 *fill*         0x0000000020000096        0x2 
 .data.USBD_Interface_fops_FS
                0x0000000020000098       0x14 ./USB_Device/App/usbd_cdc_if.o
                0x0000000020000098                USBD_Interface_fops_FS
 .data.CDC_Desc
                0x00000000200000ac       0x20 ./USB_Device/App/usbd_desc.o
                0x00000000200000ac                CDC_Desc
 .data.USBD_CDC_DeviceDesc
                0x00000000200000cc       0x12 ./USB_Device/App/usbd_desc.o
                0x00000000200000cc                USBD_CDC_DeviceDesc
 *fill*         0x00000000200000de        0x2 
 .data.USBD_LangIDDesc
                0x00000000200000e0        0x4 ./USB_Device/App/usbd_desc.o
                0x00000000200000e0                USBD_LangIDDesc
 .data.USBD_StringSerial
                0x00000000200000e4       0x1a ./USB_Device/App/usbd_desc.o
                0x00000000200000e4                USBD_StringSerial
 *(.RamFunc)
 *(.RamFunc*)
                0x0000000020000100                . = ALIGN (0x4)
 *fill*         0x00000000200000fe        0x2 
                0x0000000020000100                _edata = .

.igot.plt       0x0000000020000100        0x0 load address 0x000000000800a054
 .igot.plt      0x0000000020000100        0x0 /opt/st/stm32cubeide_1.13.1/plugins/com.st.stm32cube.ide.mcu.externaltools.gnu-tools-for-stm32.11.3.rel1.linux64_1.1.0.202305231506/tools/bin/../lib/gcc/arm-none-eabi/11.3.1/thumb/v6-m/nofp/crtbegin.o
                0x0000000020000100                . = ALIGN (0x4)

.bss            0x0000000020000100     0x1abc load address 0x000000000800a054
                0x0000000020000100                _sbss = .
                0x0000000020000100                __bss_start__ = _sbss
 *(.bss)
 .bss           0x0000000020000100       0x1c /opt/st/stm32cubeide_1.13.1/plugins/com.st.stm32cube.ide.mcu.externaltools.gnu-tools-for-stm32.11.3.rel1.linux64_1.1.0.202305231506/tools/bin/../lib/gcc/arm-none-eabi/11.3.1/thumb/v6-m/nofp/crtbegin.o
 *(.bss*)
 .bss.huart2    0x000000002000011c       0x94 ./Core/Src/main.o
                0x000000002000011c                huart2
 .bss.uwTick    0x00000000200001b0        0x4 ./Drivers/STM32G0xx_HAL_Driver/Src/stm32g0xx_hal.o
                0x00000000200001b0                uwTick
 .bss.cfgidx.0  0x00000000200001b4        0x1 ./Middlewares/ST/STM32_USB_Device_Library/Core/Src/usbd_ctlreq.o
 *fill*         0x00000000200001b5        0x3 
 .bss.hUsbDeviceFS
                0x00000000200001b8      0x2dc ./USB_Device/App/usb_device.o
                0x00000000200001b8                hUsbDeviceFS
 .bss.UserRxBufferFS
                0x0000000020000494      0x800 ./USB_Device/App/usbd_cdc_if.o
                0x0000000020000494                UserRxBufferFS
 .bss.UserTxBufferFS
                0x0000000020000c94      0x800 ./USB_Device/App/usbd_cdc_if.o
                0x0000000020000c94                UserTxBufferFS
 .bss.USBD_StrDesc
                0x0000000020001494      0x200 ./USB_Device/App/usbd_desc.o
                0x0000000020001494                USBD_StrDesc
 .bss.hpcd_USB_DRD_FS
                0x0000000020001694      0x308 ./USB_Device/Target/usbd_conf.o
                0x0000000020001694                hpcd_USB_DRD_FS
 .bss.mem.0     0x000000002000199c      0x220 ./USB_Device/Target/usbd_conf.o
 *(COMMON)
                0x0000000020001bbc                . = ALIGN (0x4)
                0x0000000020001bbc                _ebss = .
                0x0000000020001bbc                __bss_end__ = _ebss

._user_heap_stack
                0x0000000020001bbc      0x604 load address 0x000000000800a054
                0x0000000020001bc0                . = ALIGN (0x8)
 *fill*         0x0000000020001bbc        0x4 
                [!provide]                        PROVIDE (end = .)
                0x0000000020001bc0                PROVIDE (_end = .)
                0x0000000020001dc0                . = (. + _Min_Heap_Size)
 *fill*         0x0000000020001bc0      0x200 
                0x00000000200021c0                . = (. + _Min_Stack_Size)
 *fill*         0x0000000020001dc0      0x400 
                0x00000000200021c0                . = ALIGN (0x8)

/DISCARD/
 libc.a(*)
 libm.a(*)
 libgcc.a(*)

.ARM.attributes
                0x0000000000000000       0x28
 *(.ARM.attributes)
 .ARM.attributes
                0x0000000000000000       0x1e /opt/st/stm32cubeide_1.13.1/plugins/com.st.stm32cube.ide.mcu.externaltools.gnu-tools-for-stm32.11.3.rel1.linux64_1.1.0.202305231506/tools/bin/../lib/gcc/arm-none-eabi/11.3.1/thumb/v6-m/nofp/crti.o
 .ARM.attributes
                0x000000000000001e       0x2c /opt/st/stm32cubeide_1.13.1/plugins/com.st.stm32cube.ide.mcu.externaltools.gnu-tools-for-stm32.11.3.rel1.linux64_1.1.0.202305231506/tools/bin/../lib/gcc/arm-none-eabi/11.3.1/thumb/v6-m/nofp/crtbegin.o
 .ARM.attributes
                0x000000000000004a       0x2c ./Core/Src/main.o
 .ARM.attributes
                0x0000000000000076       0x2c ./Core/Src/stm32g0xx_hal_msp.o
 .ARM.attributes
                0x00000000000000a2       0x2c ./Core/Src/stm32g0xx_it.o
 .ARM.attributes
                0x00000000000000ce       0x2c ./Core/Src/system_stm32g0xx.o
 .ARM.attributes
                0x00000000000000fa       0x22 ./Core/Startup/startup_stm32g0b1retx.o
 .ARM.attributes
                0x000000000000011c       0x2c ./Drivers/STM32G0xx_HAL_Driver/Src/stm32g0xx_hal.o
 .ARM.attributes
                0x0000000000000148       0x2c ./Drivers/STM32G0xx_HAL_Driver/Src/stm32g0xx_hal_cortex.o
 .ARM.attributes
                0x0000000000000174       0x2c ./Drivers/STM32G0xx_HAL_Driver/Src/stm32g0xx_hal_gpio.o
 .ARM.attributes
                0x00000000000001a0       0x2c ./Drivers/STM32G0xx_HAL_Driver/Src/stm32g0xx_hal_pcd.o
 .ARM.attributes
                0x00000000000001cc       0x2c ./Drivers/STM32G0xx_HAL_Driver/Src/stm32g0xx_hal_pcd_ex.o
 .ARM.attributes
                0x00000000000001f8       0x2c ./Drivers/STM32G0xx_HAL_Driver/Src/stm32g0xx_hal_pwr_ex.o
 .ARM.attributes
                0x0000000000000224       0x2c ./Drivers/STM32G0xx_HAL_Driver/Src/stm32g0xx_hal_rcc.o
 .ARM.attributes
                0x0000000000000250       0x2c ./Drivers/STM32G0xx_HAL_Driver/Src/stm32g0xx_hal_rcc_ex.o
 .ARM.attributes
                0x000000000000027c       0x2c ./Drivers/STM32G0xx_HAL_Driver/Src/stm32g0xx_hal_uart.o
 .ARM.attributes
                0x00000000000002a8       0x2c ./Drivers/STM32G0xx_HAL_Driver/Src/stm32g0xx_hal_uart_ex.o
 .ARM.attributes
                0x00000000000002d4       0x2c ./Drivers/STM32G0xx_HAL_Driver/Src/stm32g0xx_ll_gpio.o
 .ARM.attributes
                0x0000000000000300       0x2c ./Drivers/STM32G0xx_HAL_Driver/Src/stm32g0xx_ll_usb.o
 .ARM.attributes
                0x000000000000032c       0x2c ./Middlewares/ST/STM32_USB_Device_Library/Class/CDC/Src/usbd_cdc.o
 .ARM.attributes
                0x0000000000000358       0x2c ./Middlewares/ST/STM32_USB_Device_Library/Core/Src/usbd_core.o
 .ARM.attributes
                0x0000000000000384       0x2c ./Middlewares/ST/STM32_USB_Device_Library/Core/Src/usbd_ctlreq.o
 .ARM.attributes
                0x00000000000003b0       0x2c ./Middlewares/ST/STM32_USB_Device_Library/Core/Src/usbd_ioreq.o
 .ARM.attributes
                0x00000000000003dc       0x2c ./USB_Device/App/usb_device.o
 .ARM.attributes
                0x0000000000000408       0x2c ./USB_Device/App/usbd_cdc_if.o
 .ARM.attributes
                0x0000000000000434       0x2c ./USB_Device/App/usbd_desc.o
 .ARM.attributes
                0x0000000000000460       0x2c ./USB_Device/Target/usbd_conf.o
 .ARM.attributes
                0x000000000000048c       0x2c /opt/st/stm32cubeide_1.13.1/plugins/com.st.stm32cube.ide.mcu.externaltools.gnu-tools-for-stm32.11.3.rel1.linux64_1.1.0.202305231506/tools/bin/../lib/gcc/arm-none-eabi/11.3.1/../../../../arm-none-eabi/lib/thumb/v6-m/nofp/libc_nano.a(libc_a-memset.o)
 .ARM.attributes
                0x00000000000004b8       0x2c /opt/st/stm32cubeide_1.13.1/plugins/com.st.stm32cube.ide.mcu.externaltools.gnu-tools-for-stm32.11.3.rel1.linux64_1.1.0.202305231506/tools/bin/../lib/gcc/arm-none-eabi/11.3.1/../../../../arm-none-eabi/lib/thumb/v6-m/nofp/libc_nano.a(libc_a-init.o)
 .ARM.attributes
                0x00000000000004e4       0x1e /opt/st/stm32cubeide_1.13.1/plugins/com.st.stm32cube.ide.mcu.externaltools.gnu-tools-for-stm32.11.3.rel1.linux64_1.1.0.202305231506/tools/bin/../lib/gcc/arm-none-eabi/11.3.1/thumb/v6-m/nofp/libgcc.a(_udivsi3.o)
 .ARM.attributes
                0x0000000000000502       0x1e /opt/st/stm32cubeide_1.13.1/plugins/com.st.stm32cube.ide.mcu.externaltools.gnu-tools-for-stm32.11.3.rel1.linux64_1.1.0.202305231506/tools/bin/../lib/gcc/arm-none-eabi/11.3.1/thumb/v6-m/nofp/libgcc.a(_divsi3.o)
 .ARM.attributes
                0x0000000000000520       0x1e /opt/st/stm32cubeide_1.13.1/plugins/com.st.stm32cube.ide.mcu.externaltools.gnu-tools-for-stm32.11.3.rel1.linux64_1.1.0.202305231506/tools/bin/../lib/gcc/arm-none-eabi/11.3.1/thumb/v6-m/nofp/libgcc.a(_dvmd_tls.o)
 .ARM.attributes
                0x000000000000053e       0x1e /opt/st/stm32cubeide_1.13.1/plugins/com.st.stm32cube.ide.mcu.externaltools.gnu-tools-for-stm32.11.3.rel1.linux64_1.1.0.202305231506/tools/bin/../lib/gcc/arm-none-eabi/11.3.1/thumb/v6-m/nofp/libgcc.a(_aeabi_uldivmod.o)
 .ARM.attributes
                0x000000000000055c       0x2c /opt/st/stm32cubeide_1.13.1/plugins/com.st.stm32cube.ide.mcu.externaltools.gnu-tools-for-stm32.11.3.rel1.linux64_1.1.0.202305231506/tools/bin/../lib/gcc/arm-none-eabi/11.3.1/thumb/v6-m/nofp/libgcc.a(_udivmoddi4.o)
 .ARM.attributes
                0x0000000000000588       0x1e /opt/st/stm32cubeide_1.13.1/plugins/com.st.stm32cube.ide.mcu.externaltools.gnu-tools-for-stm32.11.3.rel1.linux64_1.1.0.202305231506/tools/bin/../lib/gcc/arm-none-eabi/11.3.1/thumb/v6-m/nofp/libgcc.a(_clzdi2.o)
 .ARM.attributes
                0x00000000000005a6       0x1e /opt/st/stm32cubeide_1.13.1/plugins/com.st.stm32cube.ide.mcu.externaltools.gnu-tools-for-stm32.11.3.rel1.linux64_1.1.0.202305231506/tools/bin/../lib/gcc/arm-none-eabi/11.3.1/thumb/v6-m/nofp/libgcc.a(_clzsi2.o)
 .ARM.attributes
                0x00000000000005c4       0x1e /opt/st/stm32cubeide_1.13.1/plugins/com.st.stm32cube.ide.mcu.externaltools.gnu-tools-for-stm32.11.3.rel1.linux64_1.1.0.202305231506/tools/bin/../lib/gcc/arm-none-eabi/11.3.1/thumb/v6-m/nofp/crtn.o
OUTPUT(usbCharEcho.elf elf32-littlearm)
LOAD linker stubs
LOAD /opt/st/stm32cubeide_1.13.1/plugins/com.st.stm32cube.ide.mcu.externaltools.gnu-tools-for-stm32.11.3.rel1.linux64_1.1.0.202305231506/tools/bin/../lib/gcc/arm-none-eabi/11.3.1/../../../../arm-none-eabi/lib/thumb/v6-m/nofp/libc.a
LOAD /opt/st/stm32cubeide_1.13.1/plugins/com.st.stm32cube.ide.mcu.externaltools.gnu-tools-for-stm32.11.3.rel1.linux64_1.1.0.202305231506/tools/bin/../lib/gcc/arm-none-eabi/11.3.1/../../../../arm-none-eabi/lib/thumb/v6-m/nofp/libm.a
LOAD /opt/st/stm32cubeide_1.13.1/plugins/com.st.stm32cube.ide.mcu.externaltools.gnu-tools-for-stm32.11.3.rel1.linux64_1.1.0.202305231506/tools/bin/../lib/gcc/arm-none-eabi/11.3.1/thumb/v6-m/nofp/libgcc.a

.comment        0x0000000000000000       0x43
 .comment       0x0000000000000000       0x43 /opt/st/stm32cubeide_1.13.1/plugins/com.st.stm32cube.ide.mcu.externaltools.gnu-tools-for-stm32.11.3.rel1.linux64_1.1.0.202305231506/tools/bin/../lib/gcc/arm-none-eabi/11.3.1/thumb/v6-m/nofp/crtbegin.o
                                         0x44 (size before relaxing)
 .comment       0x0000000000000043       0x44 ./Core/Src/main.o
 .comment       0x0000000000000043       0x44 ./Core/Src/stm32g0xx_hal_msp.o
 .comment       0x0000000000000043       0x44 ./Core/Src/stm32g0xx_it.o
 .comment       0x0000000000000043       0x44 ./Core/Src/system_stm32g0xx.o
 .comment       0x0000000000000043       0x44 ./Drivers/STM32G0xx_HAL_Driver/Src/stm32g0xx_hal.o
 .comment       0x0000000000000043       0x44 ./Drivers/STM32G0xx_HAL_Driver/Src/stm32g0xx_hal_cortex.o
 .comment       0x0000000000000043       0x44 ./Drivers/STM32G0xx_HAL_Driver/Src/stm32g0xx_hal_gpio.o
 .comment       0x0000000000000043       0x44 ./Drivers/STM32G0xx_HAL_Driver/Src/stm32g0xx_hal_pcd.o
 .comment       0x0000000000000043       0x44 ./Drivers/STM32G0xx_HAL_Driver/Src/stm32g0xx_hal_pcd_ex.o
 .comment       0x0000000000000043       0x44 ./Drivers/STM32G0xx_HAL_Driver/Src/stm32g0xx_hal_pwr_ex.o
 .comment       0x0000000000000043       0x44 ./Drivers/STM32G0xx_HAL_Driver/Src/stm32g0xx_hal_rcc.o
 .comment       0x0000000000000043       0x44 ./Drivers/STM32G0xx_HAL_Driver/Src/stm32g0xx_hal_rcc_ex.o
 .comment       0x0000000000000043       0x44 ./Drivers/STM32G0xx_HAL_Driver/Src/stm32g0xx_hal_uart.o
 .comment       0x0000000000000043       0x44 ./Drivers/STM32G0xx_HAL_Driver/Src/stm32g0xx_hal_uart_ex.o
 .comment       0x0000000000000043       0x44 ./Drivers/STM32G0xx_HAL_Driver/Src/stm32g0xx_ll_gpio.o
 .comment       0x0000000000000043       0x44 ./Drivers/STM32G0xx_HAL_Driver/Src/stm32g0xx_ll_usb.o
 .comment       0x0000000000000043       0x44 ./Middlewares/ST/STM32_USB_Device_Library/Class/CDC/Src/usbd_cdc.o
 .comment       0x0000000000000043       0x44 ./Middlewares/ST/STM32_USB_Device_Library/Core/Src/usbd_core.o
 .comment       0x0000000000000043       0x44 ./Middlewares/ST/STM32_USB_Device_Library/Core/Src/usbd_ctlreq.o
 .comment       0x0000000000000043       0x44 ./Middlewares/ST/STM32_USB_Device_Library/Core/Src/usbd_ioreq.o
 .comment       0x0000000000000043       0x44 ./USB_Device/App/usb_device.o
 .comment       0x0000000000000043       0x44 ./USB_Device/App/usbd_cdc_if.o
 .comment       0x0000000000000043       0x44 ./USB_Device/App/usbd_desc.o
 .comment       0x0000000000000043       0x44 ./USB_Device/Target/usbd_conf.o

.debug_info     0x0000000000000000    0x1550c
 .debug_info    0x0000000000000000     0x12de ./Core/Src/main.o
 .debug_info    0x00000000000012de      0xca3 ./Core/Src/stm32g0xx_hal_msp.o
 .debug_info    0x0000000000001f81      0x5bf ./Core/Src/stm32g0xx_it.o
 .debug_info    0x0000000000002540      0x316 ./Core/Src/system_stm32g0xx.o
 .debug_info    0x0000000000002856       0x23 ./Core/Startup/startup_stm32g0b1retx.o
 .debug_info    0x0000000000002879      0xafa ./Drivers/STM32G0xx_HAL_Driver/Src/stm32g0xx_hal.o
 .debug_info    0x0000000000003373      0x88d ./Drivers/STM32G0xx_HAL_Driver/Src/stm32g0xx_hal_cortex.o
 .debug_info    0x0000000000003c00      0x5d9 ./Drivers/STM32G0xx_HAL_Driver/Src/stm32g0xx_hal_gpio.o
 .debug_info    0x00000000000041d9     0x14b5 ./Drivers/STM32G0xx_HAL_Driver/Src/stm32g0xx_hal_pcd.o
 .debug_info    0x000000000000568e      0x7dc ./Drivers/STM32G0xx_HAL_Driver/Src/stm32g0xx_hal_pcd_ex.o
 .debug_info    0x0000000000005e6a      0x8b5 ./Drivers/STM32G0xx_HAL_Driver/Src/stm32g0xx_hal_pwr_ex.o
 .debug_info    0x000000000000671f      0xbba ./Drivers/STM32G0xx_HAL_Driver/Src/stm32g0xx_hal_rcc.o
 .debug_info    0x00000000000072d9      0xa41 ./Drivers/STM32G0xx_HAL_Driver/Src/stm32g0xx_hal_rcc_ex.o
 .debug_info    0x0000000000007d1a     0x4746 ./Drivers/STM32G0xx_HAL_Driver/Src/stm32g0xx_hal_uart.o
 .debug_info    0x000000000000c460      0xfe6 ./Drivers/STM32G0xx_HAL_Driver/Src/stm32g0xx_hal_uart_ex.o
 .debug_info    0x000000000000d446      0x5e2 ./Drivers/STM32G0xx_HAL_Driver/Src/stm32g0xx_ll_gpio.o
 .debug_info    0x000000000000da28     0x1880 ./Drivers/STM32G0xx_HAL_Driver/Src/stm32g0xx_ll_usb.o
 .debug_info    0x000000000000f2a8     0x127e ./Middlewares/ST/STM32_USB_Device_Library/Class/CDC/Src/usbd_cdc.o
 .debug_info    0x0000000000010526      0xe3e ./Middlewares/ST/STM32_USB_Device_Library/Core/Src/usbd_core.o
 .debug_info    0x0000000000011364      0xb17 ./Middlewares/ST/STM32_USB_Device_Library/Core/Src/usbd_ctlreq.o
 .debug_info    0x0000000000011e7b      0x78e ./Middlewares/ST/STM32_USB_Device_Library/Core/Src/usbd_ioreq.o
 .debug_info    0x0000000000012609      0x73a ./USB_Device/App/usb_device.o
 .debug_info    0x0000000000012d43      0x933 ./USB_Device/App/usbd_cdc_if.o
 .debug_info    0x0000000000013676      0x489 ./USB_Device/App/usbd_desc.o
 .debug_info    0x0000000000013aff     0x1a0d ./USB_Device/Target/usbd_conf.o

.debug_abbrev   0x0000000000000000     0x391e
 .debug_abbrev  0x0000000000000000      0x2fb ./Core/Src/main.o
 .debug_abbrev  0x00000000000002fb      0x1d0 ./Core/Src/stm32g0xx_hal_msp.o
 .debug_abbrev  0x00000000000004cb      0x1aa ./Core/Src/stm32g0xx_it.o
 .debug_abbrev  0x0000000000000675      0x119 ./Core/Src/system_stm32g0xx.o
 .debug_abbrev  0x000000000000078e       0x12 ./Core/Startup/startup_stm32g0b1retx.o
 .debug_abbrev  0x00000000000007a0      0x27f ./Drivers/STM32G0xx_HAL_Driver/Src/stm32g0xx_hal.o
 .debug_abbrev  0x0000000000000a1f      0x2ab ./Drivers/STM32G0xx_HAL_Driver/Src/stm32g0xx_hal_cortex.o
 .debug_abbrev  0x0000000000000cca      0x1c8 ./Drivers/STM32G0xx_HAL_Driver/Src/stm32g0xx_hal_gpio.o
 .debug_abbrev  0x0000000000000e92      0x327 ./Drivers/STM32G0xx_HAL_Driver/Src/stm32g0xx_hal_pcd.o
 .debug_abbrev  0x00000000000011b9      0x22e ./Drivers/STM32G0xx_HAL_Driver/Src/stm32g0xx_hal_pcd_ex.o
 .debug_abbrev  0x00000000000013e7      0x23c ./Drivers/STM32G0xx_HAL_Driver/Src/stm32g0xx_hal_pwr_ex.o
 .debug_abbrev  0x0000000000001623      0x2b6 ./Drivers/STM32G0xx_HAL_Driver/Src/stm32g0xx_hal_rcc.o
 .debug_abbrev  0x00000000000018d9      0x244 ./Drivers/STM32G0xx_HAL_Driver/Src/stm32g0xx_hal_rcc_ex.o
 .debug_abbrev  0x0000000000001b1d      0x311 ./Drivers/STM32G0xx_HAL_Driver/Src/stm32g0xx_hal_uart.o
 .debug_abbrev  0x0000000000001e2e      0x2d3 ./Drivers/STM32G0xx_HAL_Driver/Src/stm32g0xx_hal_uart_ex.o
 .debug_abbrev  0x0000000000002101      0x1ad ./Drivers/STM32G0xx_HAL_Driver/Src/stm32g0xx_ll_gpio.o
 .debug_abbrev  0x00000000000022ae      0x2bf ./Drivers/STM32G0xx_HAL_Driver/Src/stm32g0xx_ll_usb.o
 .debug_abbrev  0x000000000000256d      0x2db ./Middlewares/ST/STM32_USB_Device_Library/Class/CDC/Src/usbd_cdc.o
 .debug_abbrev  0x0000000000002848      0x294 ./Middlewares/ST/STM32_USB_Device_Library/Core/Src/usbd_core.o
 .debug_abbrev  0x0000000000002adc      0x276 ./Middlewares/ST/STM32_USB_Device_Library/Core/Src/usbd_ctlreq.o
 .debug_abbrev  0x0000000000002d52      0x1b2 ./Middlewares/ST/STM32_USB_Device_Library/Core/Src/usbd_ioreq.o
 .debug_abbrev  0x0000000000002f04      0x1ad ./USB_Device/App/usb_device.o
 .debug_abbrev  0x00000000000030b1      0x2b5 ./USB_Device/App/usbd_cdc_if.o
 .debug_abbrev  0x0000000000003366      0x228 ./USB_Device/App/usbd_desc.o
 .debug_abbrev  0x000000000000358e      0x390 ./USB_Device/Target/usbd_conf.o

.debug_aranges  0x0000000000000000     0x1040
 .debug_aranges
                0x0000000000000000       0x68 ./Core/Src/main.o
 .debug_aranges
                0x0000000000000068       0x30 ./Core/Src/stm32g0xx_hal_msp.o
 .debug_aranges
                0x0000000000000098       0x48 ./Core/Src/stm32g0xx_it.o
 .debug_aranges
                0x00000000000000e0       0x28 ./Core/Src/system_stm32g0xx.o
 .debug_aranges
                0x0000000000000108       0x28 ./Core/Startup/startup_stm32g0b1retx.o
 .debug_aranges
                0x0000000000000130      0x130 ./Drivers/STM32G0xx_HAL_Driver/Src/stm32g0xx_hal.o
 .debug_aranges
                0x0000000000000260       0xd8 ./Drivers/STM32G0xx_HAL_Driver/Src/stm32g0xx_hal_cortex.o
 .debug_aranges
                0x0000000000000338       0x60 ./Drivers/STM32G0xx_HAL_Driver/Src/stm32g0xx_hal_gpio.o
 .debug_aranges
                0x0000000000000398      0x150 ./Drivers/STM32G0xx_HAL_Driver/Src/stm32g0xx_hal_pcd.o
 .debug_aranges
                0x00000000000004e8       0x58 ./Drivers/STM32G0xx_HAL_Driver/Src/stm32g0xx_hal_pcd_ex.o
 .debug_aranges
                0x0000000000000540      0x128 ./Drivers/STM32G0xx_HAL_Driver/Src/stm32g0xx_hal_pwr_ex.o
 .debug_aranges
                0x0000000000000668       0xa0 ./Drivers/STM32G0xx_HAL_Driver/Src/stm32g0xx_hal_rcc.o
 .debug_aranges
                0x0000000000000708       0x88 ./Drivers/STM32G0xx_HAL_Driver/Src/stm32g0xx_hal_rcc_ex.o
 .debug_aranges
                0x0000000000000790      0x248 ./Drivers/STM32G0xx_HAL_Driver/Src/stm32g0xx_hal_uart.o
 .debug_aranges
                0x00000000000009d8       0xa8 ./Drivers/STM32G0xx_HAL_Driver/Src/stm32g0xx_hal_uart_ex.o
 .debug_aranges
                0x0000000000000a80       0x70 ./Drivers/STM32G0xx_HAL_Driver/Src/stm32g0xx_ll_gpio.o
 .debug_aranges
                0x0000000000000af0      0x120 ./Drivers/STM32G0xx_HAL_Driver/Src/stm32g0xx_ll_usb.o
 .debug_aranges
                0x0000000000000c10       0x90 ./Middlewares/ST/STM32_USB_Device_Library/Class/CDC/Src/usbd_cdc.o
 .debug_aranges
                0x0000000000000ca0       0xd8 ./Middlewares/ST/STM32_USB_Device_Library/Core/Src/usbd_core.o
 .debug_aranges
                0x0000000000000d78       0x90 ./Middlewares/ST/STM32_USB_Device_Library/Core/Src/usbd_ctlreq.o
 .debug_aranges
                0x0000000000000e08       0x50 ./Middlewares/ST/STM32_USB_Device_Library/Core/Src/usbd_ioreq.o
 .debug_aranges
                0x0000000000000e58       0x20 ./USB_Device/App/usb_device.o
 .debug_aranges
                0x0000000000000e78       0x48 ./USB_Device/App/usbd_cdc_if.o
 .debug_aranges
                0x0000000000000ec0       0x60 ./USB_Device/App/usbd_desc.o
 .debug_aranges
                0x0000000000000f20      0x120 ./USB_Device/Target/usbd_conf.o

.debug_rnglists
                0x0000000000000000      0xc5a
 .debug_rnglists
                0x0000000000000000       0x4d ./Core/Src/main.o
 .debug_rnglists
                0x000000000000004d       0x20 ./Core/Src/stm32g0xx_hal_msp.o
 .debug_rnglists
                0x000000000000006d       0x31 ./Core/Src/stm32g0xx_it.o
 .debug_rnglists
                0x000000000000009e       0x1a ./Core/Src/system_stm32g0xx.o
 .debug_rnglists
                0x00000000000000b8       0x19 ./Core/Startup/startup_stm32g0b1retx.o
 .debug_rnglists
                0x00000000000000d1       0xe0 ./Drivers/STM32G0xx_HAL_Driver/Src/stm32g0xx_hal.o
 .debug_rnglists
                0x00000000000001b1       0x9f ./Drivers/STM32G0xx_HAL_Driver/Src/stm32g0xx_hal_cortex.o
 .debug_rnglists
                0x0000000000000250       0x45 ./Drivers/STM32G0xx_HAL_Driver/Src/stm32g0xx_hal_gpio.o
 .debug_rnglists
                0x0000000000000295      0x102 ./Drivers/STM32G0xx_HAL_Driver/Src/stm32g0xx_hal_pcd.o
 .debug_rnglists
                0x0000000000000397       0x3f ./Drivers/STM32G0xx_HAL_Driver/Src/stm32g0xx_hal_pcd_ex.o
 .debug_rnglists
                0x00000000000003d6       0xe0 ./Drivers/STM32G0xx_HAL_Driver/Src/stm32g0xx_hal_pwr_ex.o
 .debug_rnglists
                0x00000000000004b6       0x79 ./Drivers/STM32G0xx_HAL_Driver/Src/stm32g0xx_hal_rcc.o
 .debug_rnglists
                0x000000000000052f       0x69 ./Drivers/STM32G0xx_HAL_Driver/Src/stm32g0xx_hal_rcc_ex.o
 .debug_rnglists
                0x0000000000000598      0x1fd ./Drivers/STM32G0xx_HAL_Driver/Src/stm32g0xx_hal_uart.o
 .debug_rnglists
                0x0000000000000795       0x80 ./Drivers/STM32G0xx_HAL_Driver/Src/stm32g0xx_hal_uart_ex.o
 .debug_rnglists
                0x0000000000000815       0x51 ./Drivers/STM32G0xx_HAL_Driver/Src/stm32g0xx_ll_gpio.o
 .debug_rnglists
                0x0000000000000866       0xdf ./Drivers/STM32G0xx_HAL_Driver/Src/stm32g0xx_ll_usb.o
 .debug_rnglists
                0x0000000000000945       0x71 ./Middlewares/ST/STM32_USB_Device_Library/Class/CDC/Src/usbd_cdc.o
 .debug_rnglists
                0x00000000000009b6       0xa2 ./Middlewares/ST/STM32_USB_Device_Library/Core/Src/usbd_core.o
 .debug_rnglists
                0x0000000000000a58       0x6e ./Middlewares/ST/STM32_USB_Device_Library/Core/Src/usbd_ctlreq.o
 .debug_rnglists
                0x0000000000000ac6       0x37 ./Middlewares/ST/STM32_USB_Device_Library/Core/Src/usbd_ioreq.o
 .debug_rnglists
                0x0000000000000afd       0x13 ./USB_Device/App/usb_device.o
 .debug_rnglists
                0x0000000000000b10       0x31 ./USB_Device/App/usbd_cdc_if.o
 .debug_rnglists
                0x0000000000000b41       0x44 ./USB_Device/App/usbd_desc.o
 .debug_rnglists
                0x0000000000000b85       0xd5 ./USB_Device/Target/usbd_conf.o

.debug_macro    0x0000000000000000    0x1f215
 .debug_macro   0x0000000000000000      0x3fc ./Core/Src/main.o
 .debug_macro   0x00000000000003fc      0xa84 ./Core/Src/main.o
 .debug_macro   0x0000000000000e80      0x12a ./Core/Src/main.o
 .debug_macro   0x0000000000000faa       0x2e ./Core/Src/main.o
 .debug_macro   0x0000000000000fd8       0x28 ./Core/Src/main.o
 .debug_macro   0x0000000000001000       0x22 ./Core/Src/main.o
 .debug_macro   0x0000000000001022       0x8e ./Core/Src/main.o
 .debug_macro   0x00000000000010b0       0x51 ./Core/Src/main.o
 .debug_macro   0x0000000000001101      0x103 ./Core/Src/main.o
 .debug_macro   0x0000000000001204       0x6a ./Core/Src/main.o
 .debug_macro   0x000000000000126e      0x1df ./Core/Src/main.o
 .debug_macro   0x000000000000144d       0x1c ./Core/Src/main.o
 .debug_macro   0x0000000000001469       0x22 ./Core/Src/main.o
 .debug_macro   0x000000000000148b       0xd1 ./Core/Src/main.o
 .debug_macro   0x000000000000155c      0x4da ./Core/Src/main.o
 .debug_macro   0x0000000000001a36      0x11f ./Core/Src/main.o
 .debug_macro   0x0000000000001b55     0xf3bb ./Core/Src/main.o
 .debug_macro   0x0000000000010f10       0x66 ./Core/Src/main.o
 .debug_macro   0x0000000000010f76     0x34fd ./Core/Src/main.o
 .debug_macro   0x0000000000014473      0x174 ./Core/Src/main.o
 .debug_macro   0x00000000000145e7       0x5c ./Core/Src/main.o
 .debug_macro   0x0000000000014643      0x73a ./Core/Src/main.o
 .debug_macro   0x0000000000014d7d     0x1509 ./Core/Src/main.o
 .debug_macro   0x0000000000016286      0x535 ./Core/Src/main.o
 .debug_macro   0x00000000000167bb      0x1cf ./Core/Src/main.o
 .debug_macro   0x000000000001698a      0x25b ./Core/Src/main.o
 .debug_macro   0x0000000000016be5      0x4f5 ./Core/Src/main.o
 .debug_macro   0x00000000000170da      0x287 ./Core/Src/main.o
 .debug_macro   0x0000000000017361      0x417 ./Core/Src/main.o
 .debug_macro   0x0000000000017778      0x1b2 ./Core/Src/main.o
 .debug_macro   0x000000000001792a       0x43 ./Core/Src/main.o
 .debug_macro   0x000000000001796d      0x1f1 ./Core/Src/main.o
 .debug_macro   0x0000000000017b5e      0x1e4 ./Core/Src/main.o
 .debug_macro   0x0000000000017d42      0x3fa ./Core/Src/main.o
 .debug_macro   0x000000000001813c       0x28 ./Core/Src/main.o
 .debug_macro   0x0000000000018164      0x123 ./Core/Src/main.o
 .debug_macro   0x0000000000018287      0x209 ./Core/Src/main.o
 .debug_macro   0x0000000000018490      0x169 ./Core/Src/main.o
 .debug_macro   0x00000000000185f9      0x145 ./Core/Src/main.o
 .debug_macro   0x000000000001873e      0x30b ./Core/Src/main.o
 .debug_macro   0x0000000000018a49      0x693 ./Core/Src/main.o
 .debug_macro   0x00000000000190dc       0xa6 ./Core/Src/main.o
 .debug_macro   0x0000000000019182      0x5df ./Core/Src/main.o
 .debug_macro   0x0000000000019761      0x2b6 ./Core/Src/main.o
 .debug_macro   0x0000000000019a17      0x171 ./Core/Src/main.o
 .debug_macro   0x0000000000019b88      0x174 ./Core/Src/main.o
 .debug_macro   0x0000000000019cfc      0x18e ./Core/Src/main.o
 .debug_macro   0x0000000000019e8a       0x7d ./Core/Src/main.o
 .debug_macro   0x0000000000019f07      0x1ef ./Core/Src/main.o
 .debug_macro   0x000000000001a0f6      0x146 ./Core/Src/main.o
 .debug_macro   0x000000000001a23c      0x1f0 ./Core/Src/main.o
 .debug_macro   0x000000000001a42c       0x4c ./Core/Src/main.o
 .debug_macro   0x000000000001a478       0x61 ./Core/Src/main.o
 .debug_macro   0x000000000001a4d9       0x24 ./Core/Src/main.o
 .debug_macro   0x000000000001a4fd       0x43 ./Core/Src/main.o
 .debug_macro   0x000000000001a540       0x34 ./Core/Src/main.o
 .debug_macro   0x000000000001a574       0x16 ./Core/Src/main.o
 .debug_macro   0x000000000001a58a       0x35 ./Core/Src/main.o
 .debug_macro   0x000000000001a5bf      0x369 ./Core/Src/main.o
 .debug_macro   0x000000000001a928       0x10 ./Core/Src/main.o
 .debug_macro   0x000000000001a938       0x16 ./Core/Src/main.o
 .debug_macro   0x000000000001a94e       0x43 ./Core/Src/main.o
 .debug_macro   0x000000000001a991       0x34 ./Core/Src/main.o
 .debug_macro   0x000000000001a9c5       0x10 ./Core/Src/main.o
 .debug_macro   0x000000000001a9d5       0x58 ./Core/Src/main.o
 .debug_macro   0x000000000001aa2d       0x8e ./Core/Src/main.o
 .debug_macro   0x000000000001aabb       0x1c ./Core/Src/main.o
 .debug_macro   0x000000000001aad7      0x177 ./Core/Src/main.o
 .debug_macro   0x000000000001ac4e       0x16 ./Core/Src/main.o
 .debug_macro   0x000000000001ac64       0x16 ./Core/Src/main.o
 .debug_macro   0x000000000001ac7a      0x147 ./Core/Src/main.o
 .debug_macro   0x000000000001adc1       0x16 ./Core/Src/main.o
 .debug_macro   0x000000000001add7       0x16 ./Core/Src/main.o
 .debug_macro   0x000000000001aded       0x29 ./Core/Src/main.o
 .debug_macro   0x000000000001ae16       0x16 ./Core/Src/main.o
 .debug_macro   0x000000000001ae2c       0x20 ./Core/Src/main.o
 .debug_macro   0x000000000001ae4c       0x5f ./Core/Src/main.o
 .debug_macro   0x000000000001aeab      0x20f ./Core/Src/main.o
 .debug_macro   0x000000000001b0ba       0x95 ./Core/Src/main.o
 .debug_macro   0x000000000001b14f       0x10 ./Core/Src/main.o
 .debug_macro   0x000000000001b15f      0x24e ./Core/Src/stm32g0xx_hal_msp.o
 .debug_macro   0x000000000001b3ad      0x258 ./Core/Src/stm32g0xx_it.o
 .debug_macro   0x000000000001b605      0x1ef ./Core/Src/system_stm32g0xx.o
 .debug_macro   0x000000000001b7f4      0x213 ./Drivers/STM32G0xx_HAL_Driver/Src/stm32g0xx_hal.o
 .debug_macro   0x000000000001ba07      0x1ef ./Drivers/STM32G0xx_HAL_Driver/Src/stm32g0xx_hal_cortex.o
 .debug_macro   0x000000000001bbf6      0x1f6 ./Drivers/STM32G0xx_HAL_Driver/Src/stm32g0xx_hal_gpio.o
 .debug_macro   0x000000000001bdec      0x1fb ./Drivers/STM32G0xx_HAL_Driver/Src/stm32g0xx_hal_pcd.o
 .debug_macro   0x000000000001bfe7      0x1ef ./Drivers/STM32G0xx_HAL_Driver/Src/stm32g0xx_hal_pcd_ex.o
 .debug_macro   0x000000000001c1d6      0x219 ./Drivers/STM32G0xx_HAL_Driver/Src/stm32g0xx_hal_pwr_ex.o
 .debug_macro   0x000000000001c3ef      0x243 ./Drivers/STM32G0xx_HAL_Driver/Src/stm32g0xx_hal_rcc.o
 .debug_macro   0x000000000001c632      0x207 ./Drivers/STM32G0xx_HAL_Driver/Src/stm32g0xx_hal_rcc_ex.o
 .debug_macro   0x000000000001c839      0x21a ./Drivers/STM32G0xx_HAL_Driver/Src/stm32g0xx_hal_uart.o
 .debug_macro   0x000000000001ca53      0x1fb ./Drivers/STM32G0xx_HAL_Driver/Src/stm32g0xx_hal_uart_ex.o
 .debug_macro   0x000000000001cc4e      0x231 ./Drivers/STM32G0xx_HAL_Driver/Src/stm32g0xx_ll_gpio.o
 .debug_macro   0x000000000001ce7f      0x140 ./Drivers/STM32G0xx_HAL_Driver/Src/stm32g0xx_ll_gpio.o
 .debug_macro   0x000000000001cfbf      0x1ef ./Drivers/STM32G0xx_HAL_Driver/Src/stm32g0xx_ll_usb.o
 .debug_macro   0x000000000001d1ae      0x37e ./Middlewares/ST/STM32_USB_Device_Library/Class/CDC/Src/usbd_cdc.o
 .debug_macro   0x000000000001d52c       0x97 ./Middlewares/ST/STM32_USB_Device_Library/Class/CDC/Src/usbd_cdc.o
 .debug_macro   0x000000000001d5c3       0xfd ./Middlewares/ST/STM32_USB_Device_Library/Class/CDC/Src/usbd_cdc.o
 .debug_macro   0x000000000001d6c0       0x56 ./Middlewares/ST/STM32_USB_Device_Library/Class/CDC/Src/usbd_cdc.o
 .debug_macro   0x000000000001d716      0x365 ./Middlewares/ST/STM32_USB_Device_Library/Core/Src/usbd_core.o
 .debug_macro   0x000000000001da7b      0x215 ./Middlewares/ST/STM32_USB_Device_Library/Core/Src/usbd_core.o
 .debug_macro   0x000000000001dc90      0x36f ./Middlewares/ST/STM32_USB_Device_Library/Core/Src/usbd_ctlreq.o
 .debug_macro   0x000000000001dfff      0x36b ./Middlewares/ST/STM32_USB_Device_Library/Core/Src/usbd_ioreq.o
 .debug_macro   0x000000000001e36a      0x3a4 ./USB_Device/App/usb_device.o
 .debug_macro   0x000000000001e70e       0x22 ./USB_Device/App/usb_device.o
 .debug_macro   0x000000000001e730       0x16 ./USB_Device/App/usb_device.o
 .debug_macro   0x000000000001e746      0x389 ./USB_Device/App/usbd_cdc_if.o
 .debug_macro   0x000000000001eacf      0x3a2 ./USB_Device/App/usbd_desc.o
 .debug_macro   0x000000000001ee71       0x1c ./USB_Device/App/usbd_desc.o
 .debug_macro   0x000000000001ee8d      0x388 ./USB_Device/Target/usbd_conf.o

.debug_line     0x0000000000000000    0x15063
 .debug_line    0x0000000000000000      0xc74 ./Core/Src/main.o
 .debug_line    0x0000000000000c74      0x7ff ./Core/Src/stm32g0xx_hal_msp.o
 .debug_line    0x0000000000001473      0x81c ./Core/Src/stm32g0xx_it.o
 .debug_line    0x0000000000001c8f      0x757 ./Core/Src/system_stm32g0xx.o
 .debug_line    0x00000000000023e6       0x7b ./Core/Startup/startup_stm32g0b1retx.o
 .debug_line    0x0000000000002461      0xabd ./Drivers/STM32G0xx_HAL_Driver/Src/stm32g0xx_hal.o
 .debug_line    0x0000000000002f1e      0xb0e ./Drivers/STM32G0xx_HAL_Driver/Src/stm32g0xx_hal_cortex.o
 .debug_line    0x0000000000003a2c      0xb0e ./Drivers/STM32G0xx_HAL_Driver/Src/stm32g0xx_hal_gpio.o
 .debug_line    0x000000000000453a     0x1429 ./Drivers/STM32G0xx_HAL_Driver/Src/stm32g0xx_hal_pcd.o
 .debug_line    0x0000000000005963      0x849 ./Drivers/STM32G0xx_HAL_Driver/Src/stm32g0xx_hal_pcd_ex.o
 .debug_line    0x00000000000061ac      0xb72 ./Drivers/STM32G0xx_HAL_Driver/Src/stm32g0xx_hal_pwr_ex.o
 .debug_line    0x0000000000006d1e      0xf16 ./Drivers/STM32G0xx_HAL_Driver/Src/stm32g0xx_hal_rcc.o
 .debug_line    0x0000000000007c34     0x1112 ./Drivers/STM32G0xx_HAL_Driver/Src/stm32g0xx_hal_rcc_ex.o
 .debug_line    0x0000000000008d46     0x34e0 ./Drivers/STM32G0xx_HAL_Driver/Src/stm32g0xx_hal_uart.o
 .debug_line    0x000000000000c226      0xd8c ./Drivers/STM32G0xx_HAL_Driver/Src/stm32g0xx_hal_uart_ex.o
 .debug_line    0x000000000000cfb2      0x8a3 ./Drivers/STM32G0xx_HAL_Driver/Src/stm32g0xx_ll_gpio.o
 .debug_line    0x000000000000d855     0x143c ./Drivers/STM32G0xx_HAL_Driver/Src/stm32g0xx_ll_usb.o
 .debug_line    0x000000000000ec91      0xe4d ./Middlewares/ST/STM32_USB_Device_Library/Class/CDC/Src/usbd_cdc.o
 .debug_line    0x000000000000fade      0xec9 ./Middlewares/ST/STM32_USB_Device_Library/Core/Src/usbd_core.o
 .debug_line    0x00000000000109a7     0x10cf ./Middlewares/ST/STM32_USB_Device_Library/Core/Src/usbd_ctlreq.o
 .debug_line    0x0000000000011a76      0x9e2 ./Middlewares/ST/STM32_USB_Device_Library/Core/Src/usbd_ioreq.o
 .debug_line    0x0000000000012458      0x99e ./USB_Device/App/usb_device.o
 .debug_line    0x0000000000012df6      0xa00 ./USB_Device/App/usbd_cdc_if.o
 .debug_line    0x00000000000137f6      0xa67 ./USB_Device/App/usbd_desc.o
 .debug_line    0x000000000001425d      0xe06 ./USB_Device/Target/usbd_conf.o

.debug_str      0x0000000000000000    0xbac3e
 .debug_str     0x0000000000000000    0xb643e ./Core/Src/main.o
                                      0xb6d7e (size before relaxing)
 .debug_str     0x00000000000b643e      0x220 ./Core/Src/stm32g0xx_hal_msp.o
                                      0xb235d (size before relaxing)
 .debug_str     0x00000000000b665e      0x3cb ./Core/Src/stm32g0xx_it.o
                                      0xb1eba (size before relaxing)
 .debug_str     0x00000000000b6a29       0x8e ./Core/Src/system_stm32g0xx.o
                                      0xac796 (size before relaxing)
 .debug_str     0x00000000000b6ab7       0x34 ./Core/Startup/startup_stm32g0b1retx.o
                                         0x79 (size before relaxing)
 .debug_str     0x00000000000b6aeb      0x601 ./Drivers/STM32G0xx_HAL_Driver/Src/stm32g0xx_hal.o
                                      0xad06f (size before relaxing)
 .debug_str     0x00000000000b70ec      0x224 ./Drivers/STM32G0xx_HAL_Driver/Src/stm32g0xx_hal_cortex.o
                                      0xacc6f (size before relaxing)
 .debug_str     0x00000000000b7310      0x164 ./Drivers/STM32G0xx_HAL_Driver/Src/stm32g0xx_hal_gpio.o
                                      0xac8f9 (size before relaxing)
 .debug_str     0x00000000000b7474      0x58c ./Drivers/STM32G0xx_HAL_Driver/Src/stm32g0xx_hal_pcd.o
                                      0xad043 (size before relaxing)
 .debug_str     0x00000000000b7a00      0x186 ./Drivers/STM32G0xx_HAL_Driver/Src/stm32g0xx_hal_pcd_ex.o
                                      0xacc34 (size before relaxing)
 .debug_str     0x00000000000b7b86      0x3f0 ./Drivers/STM32G0xx_HAL_Driver/Src/stm32g0xx_hal_pwr_ex.o
                                      0xacd18 (size before relaxing)
 .debug_str     0x00000000000b7f76      0x3c9 ./Drivers/STM32G0xx_HAL_Driver/Src/stm32g0xx_hal_rcc.o
                                      0xace88 (size before relaxing)
 .debug_str     0x00000000000b833f      0x36f ./Drivers/STM32G0xx_HAL_Driver/Src/stm32g0xx_hal_rcc_ex.o
                                      0xacdf2 (size before relaxing)
 .debug_str     0x00000000000b86ae      0xa10 ./Drivers/STM32G0xx_HAL_Driver/Src/stm32g0xx_hal_uart.o
                                      0xad781 (size before relaxing)
 .debug_str     0x00000000000b90be      0x26b ./Drivers/STM32G0xx_HAL_Driver/Src/stm32g0xx_hal_uart_ex.o
                                      0xad047 (size before relaxing)
 .debug_str     0x00000000000b9329      0x5a1 ./Drivers/STM32G0xx_HAL_Driver/Src/stm32g0xx_ll_gpio.o
                                      0xade41 (size before relaxing)
 .debug_str     0x00000000000b98ca      0x35d ./Drivers/STM32G0xx_HAL_Driver/Src/stm32g0xx_ll_usb.o
                                      0xacdbf (size before relaxing)
 .debug_str     0x00000000000b9c27      0x6fa ./Middlewares/ST/STM32_USB_Device_Library/Class/CDC/Src/usbd_cdc.o
                                      0xb17d1 (size before relaxing)
 .debug_str     0x00000000000ba321      0x35d ./Middlewares/ST/STM32_USB_Device_Library/Core/Src/usbd_core.o
                                      0xb116f (size before relaxing)
 .debug_str     0x00000000000ba67e      0x139 ./Middlewares/ST/STM32_USB_Device_Library/Core/Src/usbd_ctlreq.o
                                      0xb0f9a (size before relaxing)
 .debug_str     0x00000000000ba7b7       0x51 ./Middlewares/ST/STM32_USB_Device_Library/Core/Src/usbd_ioreq.o
                                      0xb0e6f (size before relaxing)
 .debug_str     0x00000000000ba808       0xc7 ./USB_Device/App/usb_device.o
                                      0xb1223 (size before relaxing)
 .debug_str     0x00000000000ba8cf       0x8a ./USB_Device/App/usbd_cdc_if.o
                                      0xb1262 (size before relaxing)
 .debug_str     0x00000000000ba959      0x254 ./USB_Device/App/usbd_desc.o
                                      0xb0d56 (size before relaxing)
 .debug_str     0x00000000000babad       0x91 ./USB_Device/Target/usbd_conf.o
                                      0xb1e7d (size before relaxing)

.debug_frame    0x0000000000000000     0x3904
 .debug_frame   0x0000000000000000      0x148 ./Core/Src/main.o
 .debug_frame   0x0000000000000148       0x70 ./Core/Src/stm32g0xx_hal_msp.o
 .debug_frame   0x00000000000001b8       0xb8 ./Core/Src/stm32g0xx_it.o
 .debug_frame   0x0000000000000270       0x4c ./Core/Src/system_stm32g0xx.o
 .debug_frame   0x00000000000002bc      0x41c ./Drivers/STM32G0xx_HAL_Driver/Src/stm32g0xx_hal.o
 .debug_frame   0x00000000000006d8      0x2fc ./Drivers/STM32G0xx_HAL_Driver/Src/stm32g0xx_hal_cortex.o
 .debug_frame   0x00000000000009d4      0x130 ./Drivers/STM32G0xx_HAL_Driver/Src/stm32g0xx_hal_gpio.o
 .debug_frame   0x0000000000000b04      0x504 ./Drivers/STM32G0xx_HAL_Driver/Src/stm32g0xx_hal_pcd.o
 .debug_frame   0x0000000000001008      0x110 ./Drivers/STM32G0xx_HAL_Driver/Src/stm32g0xx_hal_pcd_ex.o
 .debug_frame   0x0000000000001118      0x3f4 ./Drivers/STM32G0xx_HAL_Driver/Src/stm32g0xx_hal_pwr_ex.o
 .debug_frame   0x000000000000150c      0x214 ./Drivers/STM32G0xx_HAL_Driver/Src/stm32g0xx_hal_rcc.o
 .debug_frame   0x0000000000001720      0x1c0 ./Drivers/STM32G0xx_HAL_Driver/Src/stm32g0xx_hal_rcc_ex.o
 .debug_frame   0x00000000000018e0      0x8d8 ./Drivers/STM32G0xx_HAL_Driver/Src/stm32g0xx_hal_uart.o
 .debug_frame   0x00000000000021b8      0x25c ./Drivers/STM32G0xx_HAL_Driver/Src/stm32g0xx_hal_uart_ex.o
 .debug_frame   0x0000000000002414      0x170 ./Drivers/STM32G0xx_HAL_Driver/Src/stm32g0xx_ll_gpio.o
 .debug_frame   0x0000000000002584      0x43c ./Drivers/STM32G0xx_HAL_Driver/Src/stm32g0xx_ll_usb.o
 .debug_frame   0x00000000000029c0      0x1f0 ./Middlewares/ST/STM32_USB_Device_Library/Class/CDC/Src/usbd_cdc.o
 .debug_frame   0x0000000000002bb0      0x320 ./Middlewares/ST/STM32_USB_Device_Library/Core/Src/usbd_core.o
 .debug_frame   0x0000000000002ed0      0x1fc ./Middlewares/ST/STM32_USB_Device_Library/Core/Src/usbd_ctlreq.o
 .debug_frame   0x00000000000030cc       0xf0 ./Middlewares/ST/STM32_USB_Device_Library/Core/Src/usbd_ioreq.o
 .debug_frame   0x00000000000031bc       0x2c ./USB_Device/App/usb_device.o
 .debug_frame   0x00000000000031e8       0xcc ./USB_Device/App/usbd_cdc_if.o
 .debug_frame   0x00000000000032b4      0x130 ./USB_Device/App/usbd_desc.o
 .debug_frame   0x00000000000033e4      0x458 ./USB_Device/Target/usbd_conf.o
 .debug_frame   0x000000000000383c       0x20 /opt/st/stm32cubeide_1.13.1/plugins/com.st.stm32cube.ide.mcu.externaltools.gnu-tools-for-stm32.11.3.rel1.linux64_1.1.0.202305231506/tools/bin/../lib/gcc/arm-none-eabi/11.3.1/../../../../arm-none-eabi/lib/thumb/v6-m/nofp/libc_nano.a(libc_a-memset.o)
 .debug_frame   0x000000000000385c       0x2c /opt/st/stm32cubeide_1.13.1/plugins/com.st.stm32cube.ide.mcu.externaltools.gnu-tools-for-stm32.11.3.rel1.linux64_1.1.0.202305231506/tools/bin/../lib/gcc/arm-none-eabi/11.3.1/../../../../arm-none-eabi/lib/thumb/v6-m/nofp/libc_nano.a(libc_a-init.o)